**************************************************
Report         : passing_points

Reference      : Ref:/WORK/SYS_TOP
Implementation : Imp:/WORK/SYS_TOP
Version        : L-2016.03-SP1
Date           : Mon Sep 25 23:05:17 2023
**************************************************

288 Passing compare points:

  Ref  LAT        Ref:/WORK/SYS_TOP/U0_ClkGate/FOR_SYN.U0_CLK_GATE_CELL
  Impl LAT        Imp:/WORK/SYS_TOP/U0_ClkGate/FOR_SYN_U0_CLK_GATE_CELL

  Ref  DFF        Ref:/WORK/SYS_TOP/U0_ALU/ALU_OUT_reg[0]
  Impl DFF        Imp:/WORK/SYS_TOP/U0_ALU/ALU_OUT_reg_0_

  Ref  DFF        Ref:/WORK/SYS_TOP/U0_ALU/ALU_OUT_reg[10]
  Impl DFF        Imp:/WORK/SYS_TOP/U0_ALU/ALU_OUT_reg_10_

  Ref  DFF        Ref:/WORK/SYS_TOP/U0_ALU/ALU_OUT_reg[11]
  Impl DFF        Imp:/WORK/SYS_TOP/U0_ALU/ALU_OUT_reg_11_

  Ref  DFF        Ref:/WORK/SYS_TOP/U0_ALU/ALU_OUT_reg[12]
  Impl DFF        Imp:/WORK/SYS_TOP/U0_ALU/ALU_OUT_reg_12_

  Ref  DFF        Ref:/WORK/SYS_TOP/U0_ALU/ALU_OUT_reg[13]
  Impl DFF        Imp:/WORK/SYS_TOP/U0_ALU/ALU_OUT_reg_13_

  Ref  DFF        Ref:/WORK/SYS_TOP/U0_ALU/ALU_OUT_reg[14]
  Impl DFF        Imp:/WORK/SYS_TOP/U0_ALU/ALU_OUT_reg_14_

  Ref  DFF        Ref:/WORK/SYS_TOP/U0_ALU/ALU_OUT_reg[15]
  Impl DFF        Imp:/WORK/SYS_TOP/U0_ALU/ALU_OUT_reg_15_

  Ref  DFF        Ref:/WORK/SYS_TOP/U0_ALU/ALU_OUT_reg[1]
  Impl DFF        Imp:/WORK/SYS_TOP/U0_ALU/ALU_OUT_reg_1_

  Ref  DFF        Ref:/WORK/SYS_TOP/U0_ALU/ALU_OUT_reg[2]
  Impl DFF        Imp:/WORK/SYS_TOP/U0_ALU/ALU_OUT_reg_2_

  Ref  DFF        Ref:/WORK/SYS_TOP/U0_ALU/ALU_OUT_reg[3]
  Impl DFF        Imp:/WORK/SYS_TOP/U0_ALU/ALU_OUT_reg_3_

  Ref  DFF        Ref:/WORK/SYS_TOP/U0_ALU/ALU_OUT_reg[4]
  Impl DFF        Imp:/WORK/SYS_TOP/U0_ALU/ALU_OUT_reg_4_

  Ref  DFF        Ref:/WORK/SYS_TOP/U0_ALU/ALU_OUT_reg[5]
  Impl DFF        Imp:/WORK/SYS_TOP/U0_ALU/ALU_OUT_reg_5_

  Ref  DFF        Ref:/WORK/SYS_TOP/U0_ALU/ALU_OUT_reg[6]
  Impl DFF        Imp:/WORK/SYS_TOP/U0_ALU/ALU_OUT_reg_6_

  Ref  DFF        Ref:/WORK/SYS_TOP/U0_ALU/ALU_OUT_reg[7]
  Impl DFF        Imp:/WORK/SYS_TOP/U0_ALU/ALU_OUT_reg_7_

  Ref  DFF        Ref:/WORK/SYS_TOP/U0_ALU/ALU_OUT_reg[8]
  Impl DFF        Imp:/WORK/SYS_TOP/U0_ALU/ALU_OUT_reg_8_

  Ref  DFF        Ref:/WORK/SYS_TOP/U0_ALU/ALU_OUT_reg[9]
  Impl DFF        Imp:/WORK/SYS_TOP/U0_ALU/ALU_OUT_reg_9_

  Ref  DFF        Ref:/WORK/SYS_TOP/U0_ALU/OUT_VALID_reg
  Impl DFF        Imp:/WORK/SYS_TOP/U0_ALU/OUT_VALID_reg

  Ref  DFF        Ref:/WORK/SYS_TOP/U0_ASYNC_FIFO/U0_DF_SYNC/sync_dff_reg[0][0]
  Impl DFF        Imp:/WORK/SYS_TOP/U0_ASYNC_FIFO/U0_DF_SYNC/sync_dff_reg_0__0_

  Ref  DFF        Ref:/WORK/SYS_TOP/U0_ASYNC_FIFO/U0_DF_SYNC/sync_dff_reg[0][1]
  Impl DFF        Imp:/WORK/SYS_TOP/U0_ASYNC_FIFO/U0_DF_SYNC/sync_dff_reg_0__1_

  Ref  DFF        Ref:/WORK/SYS_TOP/U0_ASYNC_FIFO/U0_DF_SYNC/sync_dff_reg[0][2]
  Impl DFF        Imp:/WORK/SYS_TOP/U0_ASYNC_FIFO/U0_DF_SYNC/sync_dff_reg_0__2_

  Ref  DFF        Ref:/WORK/SYS_TOP/U0_ASYNC_FIFO/U0_DF_SYNC/sync_dff_reg[0][3]
  Impl DFF        Imp:/WORK/SYS_TOP/U0_ASYNC_FIFO/U0_DF_SYNC/sync_dff_reg_0__3_

  Ref  DFF        Ref:/WORK/SYS_TOP/U0_ASYNC_FIFO/U0_DF_SYNC/sync_dff_reg[1][0]
  Impl DFF        Imp:/WORK/SYS_TOP/U0_ASYNC_FIFO/U0_DF_SYNC/sync_dff_reg_1__0_

  Ref  DFF        Ref:/WORK/SYS_TOP/U0_ASYNC_FIFO/U0_DF_SYNC/sync_dff_reg[1][1]
  Impl DFF        Imp:/WORK/SYS_TOP/U0_ASYNC_FIFO/U0_DF_SYNC/sync_dff_reg_1__1_

  Ref  DFF        Ref:/WORK/SYS_TOP/U0_ASYNC_FIFO/U0_DF_SYNC/sync_dff_reg[1][2]
  Impl DFF        Imp:/WORK/SYS_TOP/U0_ASYNC_FIFO/U0_DF_SYNC/sync_dff_reg_1__2_

  Ref  DFF        Ref:/WORK/SYS_TOP/U0_ASYNC_FIFO/U0_DF_SYNC/sync_dff_reg[1][3]
  Impl DFF        Imp:/WORK/SYS_TOP/U0_ASYNC_FIFO/U0_DF_SYNC/sync_dff_reg_1__3_

  Ref  DFF        Ref:/WORK/SYS_TOP/U0_ASYNC_FIFO/U0_FIFO_MEM_CNTRL/MEM_reg[0][0]
  Impl DFF        Imp:/WORK/SYS_TOP/U0_ASYNC_FIFO/U0_FIFO_MEM_CNTRL/MEM_reg_0__0_

  Ref  DFF        Ref:/WORK/SYS_TOP/U0_ASYNC_FIFO/U0_FIFO_MEM_CNTRL/MEM_reg[0][1]
  Impl DFF        Imp:/WORK/SYS_TOP/U0_ASYNC_FIFO/U0_FIFO_MEM_CNTRL/MEM_reg_0__1_

  Ref  DFF        Ref:/WORK/SYS_TOP/U0_ASYNC_FIFO/U0_FIFO_MEM_CNTRL/MEM_reg[0][2]
  Impl DFF        Imp:/WORK/SYS_TOP/U0_ASYNC_FIFO/U0_FIFO_MEM_CNTRL/MEM_reg_0__2_

  Ref  DFF        Ref:/WORK/SYS_TOP/U0_ASYNC_FIFO/U0_FIFO_MEM_CNTRL/MEM_reg[0][3]
  Impl DFF        Imp:/WORK/SYS_TOP/U0_ASYNC_FIFO/U0_FIFO_MEM_CNTRL/MEM_reg_0__3_

  Ref  DFF        Ref:/WORK/SYS_TOP/U0_ASYNC_FIFO/U0_FIFO_MEM_CNTRL/MEM_reg[0][4]
  Impl DFF        Imp:/WORK/SYS_TOP/U0_ASYNC_FIFO/U0_FIFO_MEM_CNTRL/MEM_reg_0__4_

  Ref  DFF        Ref:/WORK/SYS_TOP/U0_ASYNC_FIFO/U0_FIFO_MEM_CNTRL/MEM_reg[0][5]
  Impl DFF        Imp:/WORK/SYS_TOP/U0_ASYNC_FIFO/U0_FIFO_MEM_CNTRL/MEM_reg_0__5_

  Ref  DFF        Ref:/WORK/SYS_TOP/U0_ASYNC_FIFO/U0_FIFO_MEM_CNTRL/MEM_reg[0][6]
  Impl DFF        Imp:/WORK/SYS_TOP/U0_ASYNC_FIFO/U0_FIFO_MEM_CNTRL/MEM_reg_0__6_

  Ref  DFF        Ref:/WORK/SYS_TOP/U0_ASYNC_FIFO/U0_FIFO_MEM_CNTRL/MEM_reg[0][7]
  Impl DFF        Imp:/WORK/SYS_TOP/U0_ASYNC_FIFO/U0_FIFO_MEM_CNTRL/MEM_reg_0__7_

  Ref  DFF        Ref:/WORK/SYS_TOP/U0_ASYNC_FIFO/U0_FIFO_MEM_CNTRL/MEM_reg[1][0]
  Impl DFF        Imp:/WORK/SYS_TOP/U0_ASYNC_FIFO/U0_FIFO_MEM_CNTRL/MEM_reg_1__0_

  Ref  DFF        Ref:/WORK/SYS_TOP/U0_ASYNC_FIFO/U0_FIFO_MEM_CNTRL/MEM_reg[1][1]
  Impl DFF        Imp:/WORK/SYS_TOP/U0_ASYNC_FIFO/U0_FIFO_MEM_CNTRL/MEM_reg_1__1_

  Ref  DFF        Ref:/WORK/SYS_TOP/U0_ASYNC_FIFO/U0_FIFO_MEM_CNTRL/MEM_reg[1][2]
  Impl DFF        Imp:/WORK/SYS_TOP/U0_ASYNC_FIFO/U0_FIFO_MEM_CNTRL/MEM_reg_1__2_

  Ref  DFF        Ref:/WORK/SYS_TOP/U0_ASYNC_FIFO/U0_FIFO_MEM_CNTRL/MEM_reg[1][3]
  Impl DFF        Imp:/WORK/SYS_TOP/U0_ASYNC_FIFO/U0_FIFO_MEM_CNTRL/MEM_reg_1__3_

  Ref  DFF        Ref:/WORK/SYS_TOP/U0_ASYNC_FIFO/U0_FIFO_MEM_CNTRL/MEM_reg[1][4]
  Impl DFF        Imp:/WORK/SYS_TOP/U0_ASYNC_FIFO/U0_FIFO_MEM_CNTRL/MEM_reg_1__4_

  Ref  DFF        Ref:/WORK/SYS_TOP/U0_ASYNC_FIFO/U0_FIFO_MEM_CNTRL/MEM_reg[1][5]
  Impl DFF        Imp:/WORK/SYS_TOP/U0_ASYNC_FIFO/U0_FIFO_MEM_CNTRL/MEM_reg_1__5_

  Ref  DFF        Ref:/WORK/SYS_TOP/U0_ASYNC_FIFO/U0_FIFO_MEM_CNTRL/MEM_reg[1][6]
  Impl DFF        Imp:/WORK/SYS_TOP/U0_ASYNC_FIFO/U0_FIFO_MEM_CNTRL/MEM_reg_1__6_

  Ref  DFF        Ref:/WORK/SYS_TOP/U0_ASYNC_FIFO/U0_FIFO_MEM_CNTRL/MEM_reg[1][7]
  Impl DFF        Imp:/WORK/SYS_TOP/U0_ASYNC_FIFO/U0_FIFO_MEM_CNTRL/MEM_reg_1__7_

  Ref  DFF        Ref:/WORK/SYS_TOP/U0_ASYNC_FIFO/U0_FIFO_MEM_CNTRL/MEM_reg[2][0]
  Impl DFF        Imp:/WORK/SYS_TOP/U0_ASYNC_FIFO/U0_FIFO_MEM_CNTRL/MEM_reg_2__0_

  Ref  DFF        Ref:/WORK/SYS_TOP/U0_ASYNC_FIFO/U0_FIFO_MEM_CNTRL/MEM_reg[2][1]
  Impl DFF        Imp:/WORK/SYS_TOP/U0_ASYNC_FIFO/U0_FIFO_MEM_CNTRL/MEM_reg_2__1_

  Ref  DFF        Ref:/WORK/SYS_TOP/U0_ASYNC_FIFO/U0_FIFO_MEM_CNTRL/MEM_reg[2][2]
  Impl DFF        Imp:/WORK/SYS_TOP/U0_ASYNC_FIFO/U0_FIFO_MEM_CNTRL/MEM_reg_2__2_

  Ref  DFF        Ref:/WORK/SYS_TOP/U0_ASYNC_FIFO/U0_FIFO_MEM_CNTRL/MEM_reg[2][3]
  Impl DFF        Imp:/WORK/SYS_TOP/U0_ASYNC_FIFO/U0_FIFO_MEM_CNTRL/MEM_reg_2__3_

  Ref  DFF        Ref:/WORK/SYS_TOP/U0_ASYNC_FIFO/U0_FIFO_MEM_CNTRL/MEM_reg[2][4]
  Impl DFF        Imp:/WORK/SYS_TOP/U0_ASYNC_FIFO/U0_FIFO_MEM_CNTRL/MEM_reg_2__4_

  Ref  DFF        Ref:/WORK/SYS_TOP/U0_ASYNC_FIFO/U0_FIFO_MEM_CNTRL/MEM_reg[2][5]
  Impl DFF        Imp:/WORK/SYS_TOP/U0_ASYNC_FIFO/U0_FIFO_MEM_CNTRL/MEM_reg_2__5_

  Ref  DFF        Ref:/WORK/SYS_TOP/U0_ASYNC_FIFO/U0_FIFO_MEM_CNTRL/MEM_reg[2][6]
  Impl DFF        Imp:/WORK/SYS_TOP/U0_ASYNC_FIFO/U0_FIFO_MEM_CNTRL/MEM_reg_2__6_

  Ref  DFF        Ref:/WORK/SYS_TOP/U0_ASYNC_FIFO/U0_FIFO_MEM_CNTRL/MEM_reg[2][7]
  Impl DFF        Imp:/WORK/SYS_TOP/U0_ASYNC_FIFO/U0_FIFO_MEM_CNTRL/MEM_reg_2__7_

  Ref  DFF        Ref:/WORK/SYS_TOP/U0_ASYNC_FIFO/U0_FIFO_MEM_CNTRL/MEM_reg[3][0]
  Impl DFF        Imp:/WORK/SYS_TOP/U0_ASYNC_FIFO/U0_FIFO_MEM_CNTRL/MEM_reg_3__0_

  Ref  DFF        Ref:/WORK/SYS_TOP/U0_ASYNC_FIFO/U0_FIFO_MEM_CNTRL/MEM_reg[3][1]
  Impl DFF        Imp:/WORK/SYS_TOP/U0_ASYNC_FIFO/U0_FIFO_MEM_CNTRL/MEM_reg_3__1_

  Ref  DFF        Ref:/WORK/SYS_TOP/U0_ASYNC_FIFO/U0_FIFO_MEM_CNTRL/MEM_reg[3][2]
  Impl DFF        Imp:/WORK/SYS_TOP/U0_ASYNC_FIFO/U0_FIFO_MEM_CNTRL/MEM_reg_3__2_

  Ref  DFF        Ref:/WORK/SYS_TOP/U0_ASYNC_FIFO/U0_FIFO_MEM_CNTRL/MEM_reg[3][3]
  Impl DFF        Imp:/WORK/SYS_TOP/U0_ASYNC_FIFO/U0_FIFO_MEM_CNTRL/MEM_reg_3__3_

  Ref  DFF        Ref:/WORK/SYS_TOP/U0_ASYNC_FIFO/U0_FIFO_MEM_CNTRL/MEM_reg[3][4]
  Impl DFF        Imp:/WORK/SYS_TOP/U0_ASYNC_FIFO/U0_FIFO_MEM_CNTRL/MEM_reg_3__4_

  Ref  DFF        Ref:/WORK/SYS_TOP/U0_ASYNC_FIFO/U0_FIFO_MEM_CNTRL/MEM_reg[3][5]
  Impl DFF        Imp:/WORK/SYS_TOP/U0_ASYNC_FIFO/U0_FIFO_MEM_CNTRL/MEM_reg_3__5_

  Ref  DFF        Ref:/WORK/SYS_TOP/U0_ASYNC_FIFO/U0_FIFO_MEM_CNTRL/MEM_reg[3][6]
  Impl DFF        Imp:/WORK/SYS_TOP/U0_ASYNC_FIFO/U0_FIFO_MEM_CNTRL/MEM_reg_3__6_

  Ref  DFF        Ref:/WORK/SYS_TOP/U0_ASYNC_FIFO/U0_FIFO_MEM_CNTRL/MEM_reg[3][7]
  Impl DFF        Imp:/WORK/SYS_TOP/U0_ASYNC_FIFO/U0_FIFO_MEM_CNTRL/MEM_reg_3__7_

  Ref  DFF        Ref:/WORK/SYS_TOP/U0_ASYNC_FIFO/U0_FIFO_MEM_CNTRL/MEM_reg[4][0]
  Impl DFF        Imp:/WORK/SYS_TOP/U0_ASYNC_FIFO/U0_FIFO_MEM_CNTRL/MEM_reg_4__0_

  Ref  DFF        Ref:/WORK/SYS_TOP/U0_ASYNC_FIFO/U0_FIFO_MEM_CNTRL/MEM_reg[4][1]
  Impl DFF        Imp:/WORK/SYS_TOP/U0_ASYNC_FIFO/U0_FIFO_MEM_CNTRL/MEM_reg_4__1_

  Ref  DFF        Ref:/WORK/SYS_TOP/U0_ASYNC_FIFO/U0_FIFO_MEM_CNTRL/MEM_reg[4][2]
  Impl DFF        Imp:/WORK/SYS_TOP/U0_ASYNC_FIFO/U0_FIFO_MEM_CNTRL/MEM_reg_4__2_

  Ref  DFF        Ref:/WORK/SYS_TOP/U0_ASYNC_FIFO/U0_FIFO_MEM_CNTRL/MEM_reg[4][3]
  Impl DFF        Imp:/WORK/SYS_TOP/U0_ASYNC_FIFO/U0_FIFO_MEM_CNTRL/MEM_reg_4__3_

  Ref  DFF        Ref:/WORK/SYS_TOP/U0_ASYNC_FIFO/U0_FIFO_MEM_CNTRL/MEM_reg[4][4]
  Impl DFF        Imp:/WORK/SYS_TOP/U0_ASYNC_FIFO/U0_FIFO_MEM_CNTRL/MEM_reg_4__4_

  Ref  DFF        Ref:/WORK/SYS_TOP/U0_ASYNC_FIFO/U0_FIFO_MEM_CNTRL/MEM_reg[4][5]
  Impl DFF        Imp:/WORK/SYS_TOP/U0_ASYNC_FIFO/U0_FIFO_MEM_CNTRL/MEM_reg_4__5_

  Ref  DFF        Ref:/WORK/SYS_TOP/U0_ASYNC_FIFO/U0_FIFO_MEM_CNTRL/MEM_reg[4][6]
  Impl DFF        Imp:/WORK/SYS_TOP/U0_ASYNC_FIFO/U0_FIFO_MEM_CNTRL/MEM_reg_4__6_

  Ref  DFF        Ref:/WORK/SYS_TOP/U0_ASYNC_FIFO/U0_FIFO_MEM_CNTRL/MEM_reg[4][7]
  Impl DFF        Imp:/WORK/SYS_TOP/U0_ASYNC_FIFO/U0_FIFO_MEM_CNTRL/MEM_reg_4__7_

  Ref  DFF        Ref:/WORK/SYS_TOP/U0_ASYNC_FIFO/U0_FIFO_MEM_CNTRL/MEM_reg[5][0]
  Impl DFF        Imp:/WORK/SYS_TOP/U0_ASYNC_FIFO/U0_FIFO_MEM_CNTRL/MEM_reg_5__0_

  Ref  DFF        Ref:/WORK/SYS_TOP/U0_ASYNC_FIFO/U0_FIFO_MEM_CNTRL/MEM_reg[5][1]
  Impl DFF        Imp:/WORK/SYS_TOP/U0_ASYNC_FIFO/U0_FIFO_MEM_CNTRL/MEM_reg_5__1_

  Ref  DFF        Ref:/WORK/SYS_TOP/U0_ASYNC_FIFO/U0_FIFO_MEM_CNTRL/MEM_reg[5][2]
  Impl DFF        Imp:/WORK/SYS_TOP/U0_ASYNC_FIFO/U0_FIFO_MEM_CNTRL/MEM_reg_5__2_

  Ref  DFF        Ref:/WORK/SYS_TOP/U0_ASYNC_FIFO/U0_FIFO_MEM_CNTRL/MEM_reg[5][3]
  Impl DFF        Imp:/WORK/SYS_TOP/U0_ASYNC_FIFO/U0_FIFO_MEM_CNTRL/MEM_reg_5__3_

  Ref  DFF        Ref:/WORK/SYS_TOP/U0_ASYNC_FIFO/U0_FIFO_MEM_CNTRL/MEM_reg[5][4]
  Impl DFF        Imp:/WORK/SYS_TOP/U0_ASYNC_FIFO/U0_FIFO_MEM_CNTRL/MEM_reg_5__4_

  Ref  DFF        Ref:/WORK/SYS_TOP/U0_ASYNC_FIFO/U0_FIFO_MEM_CNTRL/MEM_reg[5][5]
  Impl DFF        Imp:/WORK/SYS_TOP/U0_ASYNC_FIFO/U0_FIFO_MEM_CNTRL/MEM_reg_5__5_

  Ref  DFF        Ref:/WORK/SYS_TOP/U0_ASYNC_FIFO/U0_FIFO_MEM_CNTRL/MEM_reg[5][6]
  Impl DFF        Imp:/WORK/SYS_TOP/U0_ASYNC_FIFO/U0_FIFO_MEM_CNTRL/MEM_reg_5__6_

  Ref  DFF        Ref:/WORK/SYS_TOP/U0_ASYNC_FIFO/U0_FIFO_MEM_CNTRL/MEM_reg[5][7]
  Impl DFF        Imp:/WORK/SYS_TOP/U0_ASYNC_FIFO/U0_FIFO_MEM_CNTRL/MEM_reg_5__7_

  Ref  DFF        Ref:/WORK/SYS_TOP/U0_ASYNC_FIFO/U0_FIFO_MEM_CNTRL/MEM_reg[6][0]
  Impl DFF        Imp:/WORK/SYS_TOP/U0_ASYNC_FIFO/U0_FIFO_MEM_CNTRL/MEM_reg_6__0_

  Ref  DFF        Ref:/WORK/SYS_TOP/U0_ASYNC_FIFO/U0_FIFO_MEM_CNTRL/MEM_reg[6][1]
  Impl DFF        Imp:/WORK/SYS_TOP/U0_ASYNC_FIFO/U0_FIFO_MEM_CNTRL/MEM_reg_6__1_

  Ref  DFF        Ref:/WORK/SYS_TOP/U0_ASYNC_FIFO/U0_FIFO_MEM_CNTRL/MEM_reg[6][2]
  Impl DFF        Imp:/WORK/SYS_TOP/U0_ASYNC_FIFO/U0_FIFO_MEM_CNTRL/MEM_reg_6__2_

  Ref  DFF        Ref:/WORK/SYS_TOP/U0_ASYNC_FIFO/U0_FIFO_MEM_CNTRL/MEM_reg[6][3]
  Impl DFF        Imp:/WORK/SYS_TOP/U0_ASYNC_FIFO/U0_FIFO_MEM_CNTRL/MEM_reg_6__3_

  Ref  DFF        Ref:/WORK/SYS_TOP/U0_ASYNC_FIFO/U0_FIFO_MEM_CNTRL/MEM_reg[6][4]
  Impl DFF        Imp:/WORK/SYS_TOP/U0_ASYNC_FIFO/U0_FIFO_MEM_CNTRL/MEM_reg_6__4_

  Ref  DFF        Ref:/WORK/SYS_TOP/U0_ASYNC_FIFO/U0_FIFO_MEM_CNTRL/MEM_reg[6][5]
  Impl DFF        Imp:/WORK/SYS_TOP/U0_ASYNC_FIFO/U0_FIFO_MEM_CNTRL/MEM_reg_6__5_

  Ref  DFF        Ref:/WORK/SYS_TOP/U0_ASYNC_FIFO/U0_FIFO_MEM_CNTRL/MEM_reg[6][6]
  Impl DFF        Imp:/WORK/SYS_TOP/U0_ASYNC_FIFO/U0_FIFO_MEM_CNTRL/MEM_reg_6__6_

  Ref  DFF        Ref:/WORK/SYS_TOP/U0_ASYNC_FIFO/U0_FIFO_MEM_CNTRL/MEM_reg[6][7]
  Impl DFF        Imp:/WORK/SYS_TOP/U0_ASYNC_FIFO/U0_FIFO_MEM_CNTRL/MEM_reg_6__7_

  Ref  DFF        Ref:/WORK/SYS_TOP/U0_ASYNC_FIFO/U0_FIFO_MEM_CNTRL/MEM_reg[7][0]
  Impl DFF        Imp:/WORK/SYS_TOP/U0_ASYNC_FIFO/U0_FIFO_MEM_CNTRL/MEM_reg_7__0_

  Ref  DFF        Ref:/WORK/SYS_TOP/U0_ASYNC_FIFO/U0_FIFO_MEM_CNTRL/MEM_reg[7][1]
  Impl DFF        Imp:/WORK/SYS_TOP/U0_ASYNC_FIFO/U0_FIFO_MEM_CNTRL/MEM_reg_7__1_

  Ref  DFF        Ref:/WORK/SYS_TOP/U0_ASYNC_FIFO/U0_FIFO_MEM_CNTRL/MEM_reg[7][2]
  Impl DFF        Imp:/WORK/SYS_TOP/U0_ASYNC_FIFO/U0_FIFO_MEM_CNTRL/MEM_reg_7__2_

  Ref  DFF        Ref:/WORK/SYS_TOP/U0_ASYNC_FIFO/U0_FIFO_MEM_CNTRL/MEM_reg[7][3]
  Impl DFF        Imp:/WORK/SYS_TOP/U0_ASYNC_FIFO/U0_FIFO_MEM_CNTRL/MEM_reg_7__3_

  Ref  DFF        Ref:/WORK/SYS_TOP/U0_ASYNC_FIFO/U0_FIFO_MEM_CNTRL/MEM_reg[7][4]
  Impl DFF        Imp:/WORK/SYS_TOP/U0_ASYNC_FIFO/U0_FIFO_MEM_CNTRL/MEM_reg_7__4_

  Ref  DFF        Ref:/WORK/SYS_TOP/U0_ASYNC_FIFO/U0_FIFO_MEM_CNTRL/MEM_reg[7][5]
  Impl DFF        Imp:/WORK/SYS_TOP/U0_ASYNC_FIFO/U0_FIFO_MEM_CNTRL/MEM_reg_7__5_

  Ref  DFF        Ref:/WORK/SYS_TOP/U0_ASYNC_FIFO/U0_FIFO_MEM_CNTRL/MEM_reg[7][6]
  Impl DFF        Imp:/WORK/SYS_TOP/U0_ASYNC_FIFO/U0_FIFO_MEM_CNTRL/MEM_reg_7__6_

  Ref  DFF        Ref:/WORK/SYS_TOP/U0_ASYNC_FIFO/U0_FIFO_MEM_CNTRL/MEM_reg[7][7]
  Impl DFF        Imp:/WORK/SYS_TOP/U0_ASYNC_FIFO/U0_FIFO_MEM_CNTRL/MEM_reg_7__7_

  Ref  DFF        Ref:/WORK/SYS_TOP/U0_ASYNC_FIFO/U0_FIFO_RD/empty_reg
  Impl DFF        Imp:/WORK/SYS_TOP/U0_ASYNC_FIFO/U0_FIFO_RD/empty_reg

  Ref  DFF        Ref:/WORK/SYS_TOP/U0_ASYNC_FIFO/U0_FIFO_RD/rptr_reg[0]
  Impl DFF        Imp:/WORK/SYS_TOP/U0_ASYNC_FIFO/U0_FIFO_RD/rptr_reg_0_

  Ref  DFF        Ref:/WORK/SYS_TOP/U0_ASYNC_FIFO/U0_FIFO_RD/rptr_reg[1]
  Impl DFF        Imp:/WORK/SYS_TOP/U0_ASYNC_FIFO/U0_FIFO_RD/rptr_reg_1_

  Ref  DFF        Ref:/WORK/SYS_TOP/U0_ASYNC_FIFO/U0_FIFO_RD/rptr_reg[2]
  Impl DFF        Imp:/WORK/SYS_TOP/U0_ASYNC_FIFO/U0_FIFO_RD/rptr_reg_2_

  Ref  DFF        Ref:/WORK/SYS_TOP/U0_ASYNC_FIFO/U0_FIFO_RD/rptr_reg[3]
  Impl DFF        Imp:/WORK/SYS_TOP/U0_ASYNC_FIFO/U0_FIFO_RD/rptr_reg_3_

  Ref  DFF        Ref:/WORK/SYS_TOP/U0_ASYNC_FIFO/U0_FIFO_WR/full_reg
  Impl DFF        Imp:/WORK/SYS_TOP/U0_ASYNC_FIFO/U0_FIFO_WR/full_reg

  Ref  DFF        Ref:/WORK/SYS_TOP/U0_ASYNC_FIFO/U0_FIFO_WR/wptr_reg[0]
  Impl DFF        Imp:/WORK/SYS_TOP/U0_ASYNC_FIFO/U0_FIFO_WR/wptr_reg_0_

  Ref  DFF        Ref:/WORK/SYS_TOP/U0_ASYNC_FIFO/U0_FIFO_WR/wptr_reg[1]
  Impl DFF        Imp:/WORK/SYS_TOP/U0_ASYNC_FIFO/U0_FIFO_WR/wptr_reg_1_

  Ref  DFF        Ref:/WORK/SYS_TOP/U0_ASYNC_FIFO/U0_FIFO_WR/wptr_reg[2]
  Impl DFF        Imp:/WORK/SYS_TOP/U0_ASYNC_FIFO/U0_FIFO_WR/wptr_reg_2_

  Ref  DFF        Ref:/WORK/SYS_TOP/U0_ASYNC_FIFO/U0_FIFO_WR/wptr_reg[3]
  Impl DFF        Imp:/WORK/SYS_TOP/U0_ASYNC_FIFO/U0_FIFO_WR/wptr_reg_3_

  Ref  DFF        Ref:/WORK/SYS_TOP/U0_ASYNC_FIFO/U1_DF_SYNC/sync_dff_reg[0][0]
  Impl DFF        Imp:/WORK/SYS_TOP/U0_ASYNC_FIFO/U1_DF_SYNC/sync_dff_reg_0__0_

  Ref  DFF        Ref:/WORK/SYS_TOP/U0_ASYNC_FIFO/U1_DF_SYNC/sync_dff_reg[0][1]
  Impl DFF        Imp:/WORK/SYS_TOP/U0_ASYNC_FIFO/U1_DF_SYNC/sync_dff_reg_0__1_

  Ref  DFF        Ref:/WORK/SYS_TOP/U0_ASYNC_FIFO/U1_DF_SYNC/sync_dff_reg[0][2]
  Impl DFF        Imp:/WORK/SYS_TOP/U0_ASYNC_FIFO/U1_DF_SYNC/sync_dff_reg_0__2_

  Ref  DFF        Ref:/WORK/SYS_TOP/U0_ASYNC_FIFO/U1_DF_SYNC/sync_dff_reg[0][3]
  Impl DFF        Imp:/WORK/SYS_TOP/U0_ASYNC_FIFO/U1_DF_SYNC/sync_dff_reg_0__3_

  Ref  DFF        Ref:/WORK/SYS_TOP/U0_ASYNC_FIFO/U1_DF_SYNC/sync_dff_reg[1][0]
  Impl DFF        Imp:/WORK/SYS_TOP/U0_ASYNC_FIFO/U1_DF_SYNC/sync_dff_reg_1__0_

  Ref  DFF        Ref:/WORK/SYS_TOP/U0_ASYNC_FIFO/U1_DF_SYNC/sync_dff_reg[1][1]
  Impl DFF        Imp:/WORK/SYS_TOP/U0_ASYNC_FIFO/U1_DF_SYNC/sync_dff_reg_1__1_

  Ref  DFF        Ref:/WORK/SYS_TOP/U0_ASYNC_FIFO/U1_DF_SYNC/sync_dff_reg[1][2]
  Impl DFF        Imp:/WORK/SYS_TOP/U0_ASYNC_FIFO/U1_DF_SYNC/sync_dff_reg_1__2_

  Ref  DFF        Ref:/WORK/SYS_TOP/U0_ASYNC_FIFO/U1_DF_SYNC/sync_dff_reg[1][3]
  Impl DFF        Imp:/WORK/SYS_TOP/U0_ASYNC_FIFO/U1_DF_SYNC/sync_dff_reg_1__3_

  Ref  DFF        Ref:/WORK/SYS_TOP/U0_ClkDiv/counter_reg[0]
  Impl DFF        Imp:/WORK/SYS_TOP/U0_ClkDiv/counter_reg_0_

  Ref  DFF        Ref:/WORK/SYS_TOP/U0_ClkDiv/counter_reg[1]
  Impl DFF        Imp:/WORK/SYS_TOP/U0_ClkDiv/counter_reg_1_

  Ref  DFF        Ref:/WORK/SYS_TOP/U0_ClkDiv/counter_reg[2]
  Impl DFF        Imp:/WORK/SYS_TOP/U0_ClkDiv/counter_reg_2_

  Ref  DFF        Ref:/WORK/SYS_TOP/U0_ClkDiv/counter_reg[3]
  Impl DFF        Imp:/WORK/SYS_TOP/U0_ClkDiv/counter_reg_3_

  Ref  DFF        Ref:/WORK/SYS_TOP/U0_ClkDiv/counter_reg[4]
  Impl DFF        Imp:/WORK/SYS_TOP/U0_ClkDiv/counter_reg_4_

  Ref  DFF        Ref:/WORK/SYS_TOP/U0_ClkDiv/counter_reg[5]
  Impl DFF        Imp:/WORK/SYS_TOP/U0_ClkDiv/counter_reg_5_

  Ref  DFF        Ref:/WORK/SYS_TOP/U0_ClkDiv/div_clk_reg
  Impl DFF        Imp:/WORK/SYS_TOP/U0_ClkDiv/div_clk_reg

  Ref  DFF        Ref:/WORK/SYS_TOP/U0_ClkDiv/flag_reg
  Impl DFF        Imp:/WORK/SYS_TOP/U0_ClkDiv/flag_reg

  Ref  DFF        Ref:/WORK/SYS_TOP/U0_DATA_SYNC/U0_DS_pulse/enable_pulse_reg
  Impl DFF        Imp:/WORK/SYS_TOP/U0_DATA_SYNC/U0_DS_pulse/enable_pulse_reg

  Ref  DFF        Ref:/WORK/SYS_TOP/U0_DATA_SYNC/U0_DS_pulse/inst_PULSE_GEN/DFF_reg
  Impl DFF        Imp:/WORK/SYS_TOP/U0_DATA_SYNC/U0_DS_pulse/inst_PULSE_GEN/DFF_reg

  Ref  DFF        Ref:/WORK/SYS_TOP/U0_DATA_SYNC/U0_multi_ff/sync_dff_reg[0][0]
  Impl DFF        Imp:/WORK/SYS_TOP/U0_DATA_SYNC/U0_multi_ff/sync_dff_reg_0__0_

  Ref  DFF        Ref:/WORK/SYS_TOP/U0_DATA_SYNC/U0_multi_ff/sync_dff_reg[1][0]
  Impl DFF        Imp:/WORK/SYS_TOP/U0_DATA_SYNC/U0_multi_ff/sync_dff_reg_1__0_

  Ref  DFF        Ref:/WORK/SYS_TOP/U0_DATA_SYNC/U0_sync_bus/sync_bus_reg[0]
  Impl DFF        Imp:/WORK/SYS_TOP/U0_DATA_SYNC/U0_sync_bus/sync_bus_reg_0_

  Ref  DFF        Ref:/WORK/SYS_TOP/U0_DATA_SYNC/U0_sync_bus/sync_bus_reg[1]
  Impl DFF        Imp:/WORK/SYS_TOP/U0_DATA_SYNC/U0_sync_bus/sync_bus_reg_1_

  Ref  DFF        Ref:/WORK/SYS_TOP/U0_DATA_SYNC/U0_sync_bus/sync_bus_reg[2]
  Impl DFF        Imp:/WORK/SYS_TOP/U0_DATA_SYNC/U0_sync_bus/sync_bus_reg_2_

  Ref  DFF        Ref:/WORK/SYS_TOP/U0_DATA_SYNC/U0_sync_bus/sync_bus_reg[3]
  Impl DFF        Imp:/WORK/SYS_TOP/U0_DATA_SYNC/U0_sync_bus/sync_bus_reg_3_

  Ref  DFF        Ref:/WORK/SYS_TOP/U0_DATA_SYNC/U0_sync_bus/sync_bus_reg[4]
  Impl DFF        Imp:/WORK/SYS_TOP/U0_DATA_SYNC/U0_sync_bus/sync_bus_reg_4_

  Ref  DFF        Ref:/WORK/SYS_TOP/U0_DATA_SYNC/U0_sync_bus/sync_bus_reg[5]
  Impl DFF        Imp:/WORK/SYS_TOP/U0_DATA_SYNC/U0_sync_bus/sync_bus_reg_5_

  Ref  DFF        Ref:/WORK/SYS_TOP/U0_DATA_SYNC/U0_sync_bus/sync_bus_reg[6]
  Impl DFF        Imp:/WORK/SYS_TOP/U0_DATA_SYNC/U0_sync_bus/sync_bus_reg_6_

  Ref  DFF        Ref:/WORK/SYS_TOP/U0_DATA_SYNC/U0_sync_bus/sync_bus_reg[7]
  Impl DFF        Imp:/WORK/SYS_TOP/U0_DATA_SYNC/U0_sync_bus/sync_bus_reg_7_

  Ref  DFF        Ref:/WORK/SYS_TOP/U0_PULSE_GEN/DFF_reg
  Impl DFF        Imp:/WORK/SYS_TOP/U0_PULSE_GEN/DFF_reg

  Ref  DFF        Ref:/WORK/SYS_TOP/U0_RST_SYNC/sync_dff_reg[0]
  Impl DFF        Imp:/WORK/SYS_TOP/U0_RST_SYNC/sync_dff_reg_0_

  Ref  DFF        Ref:/WORK/SYS_TOP/U0_RST_SYNC/sync_dff_reg[1]
  Impl DFF        Imp:/WORK/SYS_TOP/U0_RST_SYNC/sync_dff_reg_1_

  Ref  DFF        Ref:/WORK/SYS_TOP/U0_RegFile/MEM_reg[0][0]
  Impl DFF        Imp:/WORK/SYS_TOP/U0_RegFile/MEM_reg_0__0_

  Ref  DFF        Ref:/WORK/SYS_TOP/U0_RegFile/MEM_reg[0][1]
  Impl DFF        Imp:/WORK/SYS_TOP/U0_RegFile/MEM_reg_0__1_

  Ref  DFF        Ref:/WORK/SYS_TOP/U0_RegFile/MEM_reg[0][2]
  Impl DFF        Imp:/WORK/SYS_TOP/U0_RegFile/MEM_reg_0__2_

  Ref  DFF        Ref:/WORK/SYS_TOP/U0_RegFile/MEM_reg[0][3]
  Impl DFF        Imp:/WORK/SYS_TOP/U0_RegFile/MEM_reg_0__3_

  Ref  DFF        Ref:/WORK/SYS_TOP/U0_RegFile/MEM_reg[0][4]
  Impl DFF        Imp:/WORK/SYS_TOP/U0_RegFile/MEM_reg_0__4_

  Ref  DFF        Ref:/WORK/SYS_TOP/U0_RegFile/MEM_reg[0][5]
  Impl DFF        Imp:/WORK/SYS_TOP/U0_RegFile/MEM_reg_0__5_

  Ref  DFF        Ref:/WORK/SYS_TOP/U0_RegFile/MEM_reg[0][6]
  Impl DFF        Imp:/WORK/SYS_TOP/U0_RegFile/MEM_reg_0__6_

  Ref  DFF        Ref:/WORK/SYS_TOP/U0_RegFile/MEM_reg[0][7]
  Impl DFF        Imp:/WORK/SYS_TOP/U0_RegFile/MEM_reg_0__7_

  Ref  DFF        Ref:/WORK/SYS_TOP/U0_RegFile/MEM_reg[1][0]
  Impl DFF        Imp:/WORK/SYS_TOP/U0_RegFile/MEM_reg_1__0_

  Ref  DFF        Ref:/WORK/SYS_TOP/U0_RegFile/MEM_reg[1][1]
  Impl DFF        Imp:/WORK/SYS_TOP/U0_RegFile/MEM_reg_1__1_

  Ref  DFF        Ref:/WORK/SYS_TOP/U0_RegFile/MEM_reg[1][2]
  Impl DFF        Imp:/WORK/SYS_TOP/U0_RegFile/MEM_reg_1__2_

  Ref  DFF        Ref:/WORK/SYS_TOP/U0_RegFile/MEM_reg[1][3]
  Impl DFF        Imp:/WORK/SYS_TOP/U0_RegFile/MEM_reg_1__3_

  Ref  DFF        Ref:/WORK/SYS_TOP/U0_RegFile/MEM_reg[1][4]
  Impl DFF        Imp:/WORK/SYS_TOP/U0_RegFile/MEM_reg_1__4_

  Ref  DFF        Ref:/WORK/SYS_TOP/U0_RegFile/MEM_reg[1][5]
  Impl DFF        Imp:/WORK/SYS_TOP/U0_RegFile/MEM_reg_1__5_

  Ref  DFF        Ref:/WORK/SYS_TOP/U0_RegFile/MEM_reg[1][6]
  Impl DFF        Imp:/WORK/SYS_TOP/U0_RegFile/MEM_reg_1__6_

  Ref  DFF        Ref:/WORK/SYS_TOP/U0_RegFile/MEM_reg[1][7]
  Impl DFF        Imp:/WORK/SYS_TOP/U0_RegFile/MEM_reg_1__7_

  Ref  DFF        Ref:/WORK/SYS_TOP/U0_RegFile/MEM_reg[2][0]
  Impl DFF        Imp:/WORK/SYS_TOP/U0_RegFile/MEM_reg_2__0_

  Ref  DFF        Ref:/WORK/SYS_TOP/U0_RegFile/MEM_reg[2][1]
  Impl DFF        Imp:/WORK/SYS_TOP/U0_RegFile/MEM_reg_2__1_

  Ref  DFF        Ref:/WORK/SYS_TOP/U0_RegFile/MEM_reg[2][2]
  Impl DFF        Imp:/WORK/SYS_TOP/U0_RegFile/MEM_reg_2__2_

  Ref  DFF        Ref:/WORK/SYS_TOP/U0_RegFile/MEM_reg[2][3]
  Impl DFF        Imp:/WORK/SYS_TOP/U0_RegFile/MEM_reg_2__3_

  Ref  DFF        Ref:/WORK/SYS_TOP/U0_RegFile/MEM_reg[2][4]
  Impl DFF        Imp:/WORK/SYS_TOP/U0_RegFile/MEM_reg_2__4_

  Ref  DFF        Ref:/WORK/SYS_TOP/U0_RegFile/MEM_reg[2][5]
  Impl DFF        Imp:/WORK/SYS_TOP/U0_RegFile/MEM_reg_2__5_

  Ref  DFF        Ref:/WORK/SYS_TOP/U0_RegFile/MEM_reg[2][6]
  Impl DFF        Imp:/WORK/SYS_TOP/U0_RegFile/MEM_reg_2__6_

  Ref  DFF        Ref:/WORK/SYS_TOP/U0_RegFile/MEM_reg[2][7]
  Impl DFF        Imp:/WORK/SYS_TOP/U0_RegFile/MEM_reg_2__7_

  Ref  DFF        Ref:/WORK/SYS_TOP/U0_RegFile/MEM_reg[3][0]
  Impl DFF        Imp:/WORK/SYS_TOP/U0_RegFile/MEM_reg_3__0_

  Ref  DFF        Ref:/WORK/SYS_TOP/U0_RegFile/MEM_reg[3][1]
  Impl DFF        Imp:/WORK/SYS_TOP/U0_RegFile/MEM_reg_3__1_

  Ref  DFF        Ref:/WORK/SYS_TOP/U0_RegFile/MEM_reg[3][2]
  Impl DFF        Imp:/WORK/SYS_TOP/U0_RegFile/MEM_reg_3__2_

  Ref  DFF        Ref:/WORK/SYS_TOP/U0_RegFile/MEM_reg[3][3]
  Impl DFF        Imp:/WORK/SYS_TOP/U0_RegFile/MEM_reg_3__3_

  Ref  DFF        Ref:/WORK/SYS_TOP/U0_RegFile/MEM_reg[3][4]
  Impl DFF        Imp:/WORK/SYS_TOP/U0_RegFile/MEM_reg_3__4_

  Ref  DFF        Ref:/WORK/SYS_TOP/U0_RegFile/MEM_reg[3][5]
  Impl DFF        Imp:/WORK/SYS_TOP/U0_RegFile/MEM_reg_3__5_

  Ref  DFF        Ref:/WORK/SYS_TOP/U0_RegFile/MEM_reg[3][6]
  Impl DFF        Imp:/WORK/SYS_TOP/U0_RegFile/MEM_reg_3__6_

  Ref  DFF        Ref:/WORK/SYS_TOP/U0_RegFile/MEM_reg[3][7]
  Impl DFF        Imp:/WORK/SYS_TOP/U0_RegFile/MEM_reg_3__7_

  Ref  DFF        Ref:/WORK/SYS_TOP/U0_RegFile/MEM_reg[4][0]
  Impl DFF        Imp:/WORK/SYS_TOP/U0_RegFile/MEM_reg_4__0_

  Ref  DFF        Ref:/WORK/SYS_TOP/U0_RegFile/MEM_reg[4][1]
  Impl DFF        Imp:/WORK/SYS_TOP/U0_RegFile/MEM_reg_4__1_

  Ref  DFF        Ref:/WORK/SYS_TOP/U0_RegFile/MEM_reg[4][2]
  Impl DFF        Imp:/WORK/SYS_TOP/U0_RegFile/MEM_reg_4__2_

  Ref  DFF        Ref:/WORK/SYS_TOP/U0_RegFile/MEM_reg[4][3]
  Impl DFF        Imp:/WORK/SYS_TOP/U0_RegFile/MEM_reg_4__3_

  Ref  DFF        Ref:/WORK/SYS_TOP/U0_RegFile/MEM_reg[4][4]
  Impl DFF        Imp:/WORK/SYS_TOP/U0_RegFile/MEM_reg_4__4_

  Ref  DFF        Ref:/WORK/SYS_TOP/U0_RegFile/MEM_reg[4][5]
  Impl DFF        Imp:/WORK/SYS_TOP/U0_RegFile/MEM_reg_4__5_

  Ref  DFF        Ref:/WORK/SYS_TOP/U0_RegFile/MEM_reg[4][6]
  Impl DFF        Imp:/WORK/SYS_TOP/U0_RegFile/MEM_reg_4__6_

  Ref  DFF        Ref:/WORK/SYS_TOP/U0_RegFile/MEM_reg[4][7]
  Impl DFF        Imp:/WORK/SYS_TOP/U0_RegFile/MEM_reg_4__7_

  Ref  DFF        Ref:/WORK/SYS_TOP/U0_RegFile/MEM_reg[5][0]
  Impl DFF        Imp:/WORK/SYS_TOP/U0_RegFile/MEM_reg_5__0_

  Ref  DFF        Ref:/WORK/SYS_TOP/U0_RegFile/MEM_reg[5][1]
  Impl DFF        Imp:/WORK/SYS_TOP/U0_RegFile/MEM_reg_5__1_

  Ref  DFF        Ref:/WORK/SYS_TOP/U0_RegFile/MEM_reg[5][2]
  Impl DFF        Imp:/WORK/SYS_TOP/U0_RegFile/MEM_reg_5__2_

  Ref  DFF        Ref:/WORK/SYS_TOP/U0_RegFile/MEM_reg[5][3]
  Impl DFF        Imp:/WORK/SYS_TOP/U0_RegFile/MEM_reg_5__3_

  Ref  DFF        Ref:/WORK/SYS_TOP/U0_RegFile/MEM_reg[5][4]
  Impl DFF        Imp:/WORK/SYS_TOP/U0_RegFile/MEM_reg_5__4_

  Ref  DFF        Ref:/WORK/SYS_TOP/U0_RegFile/MEM_reg[5][5]
  Impl DFF        Imp:/WORK/SYS_TOP/U0_RegFile/MEM_reg_5__5_

  Ref  DFF        Ref:/WORK/SYS_TOP/U0_RegFile/MEM_reg[5][6]
  Impl DFF        Imp:/WORK/SYS_TOP/U0_RegFile/MEM_reg_5__6_

  Ref  DFF        Ref:/WORK/SYS_TOP/U0_RegFile/MEM_reg[5][7]
  Impl DFF        Imp:/WORK/SYS_TOP/U0_RegFile/MEM_reg_5__7_

  Ref  DFF        Ref:/WORK/SYS_TOP/U0_RegFile/MEM_reg[6][0]
  Impl DFF        Imp:/WORK/SYS_TOP/U0_RegFile/MEM_reg_6__0_

  Ref  DFF        Ref:/WORK/SYS_TOP/U0_RegFile/MEM_reg[6][1]
  Impl DFF        Imp:/WORK/SYS_TOP/U0_RegFile/MEM_reg_6__1_

  Ref  DFF        Ref:/WORK/SYS_TOP/U0_RegFile/MEM_reg[6][2]
  Impl DFF        Imp:/WORK/SYS_TOP/U0_RegFile/MEM_reg_6__2_

  Ref  DFF        Ref:/WORK/SYS_TOP/U0_RegFile/MEM_reg[6][3]
  Impl DFF        Imp:/WORK/SYS_TOP/U0_RegFile/MEM_reg_6__3_

  Ref  DFF        Ref:/WORK/SYS_TOP/U0_RegFile/MEM_reg[6][4]
  Impl DFF        Imp:/WORK/SYS_TOP/U0_RegFile/MEM_reg_6__4_

  Ref  DFF        Ref:/WORK/SYS_TOP/U0_RegFile/MEM_reg[6][5]
  Impl DFF        Imp:/WORK/SYS_TOP/U0_RegFile/MEM_reg_6__5_

  Ref  DFF        Ref:/WORK/SYS_TOP/U0_RegFile/MEM_reg[6][6]
  Impl DFF        Imp:/WORK/SYS_TOP/U0_RegFile/MEM_reg_6__6_

  Ref  DFF        Ref:/WORK/SYS_TOP/U0_RegFile/MEM_reg[6][7]
  Impl DFF        Imp:/WORK/SYS_TOP/U0_RegFile/MEM_reg_6__7_

  Ref  DFF        Ref:/WORK/SYS_TOP/U0_RegFile/MEM_reg[7][0]
  Impl DFF        Imp:/WORK/SYS_TOP/U0_RegFile/MEM_reg_7__0_

  Ref  DFF        Ref:/WORK/SYS_TOP/U0_RegFile/MEM_reg[7][1]
  Impl DFF        Imp:/WORK/SYS_TOP/U0_RegFile/MEM_reg_7__1_

  Ref  DFF        Ref:/WORK/SYS_TOP/U0_RegFile/MEM_reg[7][2]
  Impl DFF        Imp:/WORK/SYS_TOP/U0_RegFile/MEM_reg_7__2_

  Ref  DFF        Ref:/WORK/SYS_TOP/U0_RegFile/MEM_reg[7][3]
  Impl DFF        Imp:/WORK/SYS_TOP/U0_RegFile/MEM_reg_7__3_

  Ref  DFF        Ref:/WORK/SYS_TOP/U0_RegFile/MEM_reg[7][4]
  Impl DFF        Imp:/WORK/SYS_TOP/U0_RegFile/MEM_reg_7__4_

  Ref  DFF        Ref:/WORK/SYS_TOP/U0_RegFile/MEM_reg[7][5]
  Impl DFF        Imp:/WORK/SYS_TOP/U0_RegFile/MEM_reg_7__5_

  Ref  DFF        Ref:/WORK/SYS_TOP/U0_RegFile/MEM_reg[7][6]
  Impl DFF        Imp:/WORK/SYS_TOP/U0_RegFile/MEM_reg_7__6_

  Ref  DFF        Ref:/WORK/SYS_TOP/U0_RegFile/MEM_reg[7][7]
  Impl DFF        Imp:/WORK/SYS_TOP/U0_RegFile/MEM_reg_7__7_

  Ref  DFF        Ref:/WORK/SYS_TOP/U0_RegFile/RdData_Valid_reg
  Impl DFF        Imp:/WORK/SYS_TOP/U0_RegFile/RdData_Valid_reg

  Ref  DFF        Ref:/WORK/SYS_TOP/U0_RegFile/RdData_reg[0]
  Impl DFF        Imp:/WORK/SYS_TOP/U0_RegFile/RdData_reg_0_

  Ref  DFF        Ref:/WORK/SYS_TOP/U0_RegFile/RdData_reg[1]
  Impl DFF        Imp:/WORK/SYS_TOP/U0_RegFile/RdData_reg_1_

  Ref  DFF        Ref:/WORK/SYS_TOP/U0_RegFile/RdData_reg[2]
  Impl DFF        Imp:/WORK/SYS_TOP/U0_RegFile/RdData_reg_2_

  Ref  DFF        Ref:/WORK/SYS_TOP/U0_RegFile/RdData_reg[3]
  Impl DFF        Imp:/WORK/SYS_TOP/U0_RegFile/RdData_reg_3_

  Ref  DFF        Ref:/WORK/SYS_TOP/U0_RegFile/RdData_reg[4]
  Impl DFF        Imp:/WORK/SYS_TOP/U0_RegFile/RdData_reg_4_

  Ref  DFF        Ref:/WORK/SYS_TOP/U0_RegFile/RdData_reg[5]
  Impl DFF        Imp:/WORK/SYS_TOP/U0_RegFile/RdData_reg_5_

  Ref  DFF        Ref:/WORK/SYS_TOP/U0_RegFile/RdData_reg[6]
  Impl DFF        Imp:/WORK/SYS_TOP/U0_RegFile/RdData_reg_6_

  Ref  DFF        Ref:/WORK/SYS_TOP/U0_RegFile/RdData_reg[7]
  Impl DFF        Imp:/WORK/SYS_TOP/U0_RegFile/RdData_reg_7_

  Ref  DFF        Ref:/WORK/SYS_TOP/U0_SYS_CTRL/ALUFN_reg_reg[0]
  Impl DFF        Imp:/WORK/SYS_TOP/U0_SYS_CTRL/ALUFN_reg_reg_0_

  Ref  DFF        Ref:/WORK/SYS_TOP/U0_SYS_CTRL/ALUFN_reg_reg[1]
  Impl DFF        Imp:/WORK/SYS_TOP/U0_SYS_CTRL/ALUFN_reg_reg_1_

  Ref  DFF        Ref:/WORK/SYS_TOP/U0_SYS_CTRL/ALUFN_reg_reg[2]
  Impl DFF        Imp:/WORK/SYS_TOP/U0_SYS_CTRL/ALUFN_reg_reg_2_

  Ref  DFF        Ref:/WORK/SYS_TOP/U0_SYS_CTRL/ALUFN_reg_reg[3]
  Impl DFF        Imp:/WORK/SYS_TOP/U0_SYS_CTRL/ALUFN_reg_reg_3_

  Ref  DFF        Ref:/WORK/SYS_TOP/U0_SYS_CTRL/addr_reg_reg[0]
  Impl DFF        Imp:/WORK/SYS_TOP/U0_SYS_CTRL/addr_reg_reg_0_

  Ref  DFF        Ref:/WORK/SYS_TOP/U0_SYS_CTRL/addr_reg_reg[1]
  Impl DFF        Imp:/WORK/SYS_TOP/U0_SYS_CTRL/addr_reg_reg_1_

  Ref  DFF        Ref:/WORK/SYS_TOP/U0_SYS_CTRL/addr_reg_reg[2]
  Impl DFF        Imp:/WORK/SYS_TOP/U0_SYS_CTRL/addr_reg_reg_2_

  Ref  DFF        Ref:/WORK/SYS_TOP/U0_SYS_CTRL/addr_reg_reg[3]
  Impl DFF        Imp:/WORK/SYS_TOP/U0_SYS_CTRL/addr_reg_reg_3_

  Ref  DFF        Ref:/WORK/SYS_TOP/U0_SYS_CTRL/current_state_reg[0]
  Impl DFF        Imp:/WORK/SYS_TOP/U0_SYS_CTRL/current_state_reg_0_

  Ref  DFF        Ref:/WORK/SYS_TOP/U0_SYS_CTRL/current_state_reg[1]
  Impl DFF        Imp:/WORK/SYS_TOP/U0_SYS_CTRL/current_state_reg_1_

  Ref  DFF        Ref:/WORK/SYS_TOP/U0_SYS_CTRL/current_state_reg[2]
  Impl DFF        Imp:/WORK/SYS_TOP/U0_SYS_CTRL/current_state_reg_2_

  Ref  DFF        Ref:/WORK/SYS_TOP/U0_SYS_CTRL/current_state_reg[3]
  Impl DFF        Imp:/WORK/SYS_TOP/U0_SYS_CTRL/current_state_reg_3_

  Ref  DFF        Ref:/WORK/SYS_TOP/U0_UART_RX/U0_FSM/check_error_reg
  Impl DFF        Imp:/WORK/SYS_TOP/U0_UART_RX/U0_FSM/check_error_reg

  Ref  DFF        Ref:/WORK/SYS_TOP/U0_UART_RX/U0_FSM/current_state_reg[0]
  Impl DFF        Imp:/WORK/SYS_TOP/U0_UART_RX/U0_FSM/current_state_reg_0_

  Ref  DFF        Ref:/WORK/SYS_TOP/U0_UART_RX/U0_FSM/current_state_reg[1]
  Impl DFF        Imp:/WORK/SYS_TOP/U0_UART_RX/U0_FSM/current_state_reg_1_

  Ref  DFF        Ref:/WORK/SYS_TOP/U0_UART_RX/U0_FSM/current_state_reg[2]
  Impl DFF        Imp:/WORK/SYS_TOP/U0_UART_RX/U0_FSM/current_state_reg_2_

  Ref  DFF        Ref:/WORK/SYS_TOP/U0_UART_RX/U0_data_sampling/first_sample_reg
  Impl DFF        Imp:/WORK/SYS_TOP/U0_UART_RX/U0_data_sampling/first_sample_reg

  Ref  DFF        Ref:/WORK/SYS_TOP/U0_UART_RX/U0_data_sampling/second_sample_reg
  Impl DFF        Imp:/WORK/SYS_TOP/U0_UART_RX/U0_data_sampling/second_sample_reg

  Ref  DFF        Ref:/WORK/SYS_TOP/U0_UART_RX/U0_data_sampling/third_sample_reg
  Impl DFF        Imp:/WORK/SYS_TOP/U0_UART_RX/U0_data_sampling/third_sample_reg

  Ref  DFF        Ref:/WORK/SYS_TOP/U0_UART_RX/U0_deserializer/data_valid_reg
  Impl DFF        Imp:/WORK/SYS_TOP/U0_UART_RX/U0_deserializer/data_valid_reg

  Ref  DFF        Ref:/WORK/SYS_TOP/U0_UART_RX/U0_deserializer/parallel_data_reg[0]
  Impl DFF        Imp:/WORK/SYS_TOP/U0_UART_RX/U0_deserializer/parallel_data_reg_0_

  Ref  DFF        Ref:/WORK/SYS_TOP/U0_UART_RX/U0_deserializer/parallel_data_reg[1]
  Impl DFF        Imp:/WORK/SYS_TOP/U0_UART_RX/U0_deserializer/parallel_data_reg_1_

  Ref  DFF        Ref:/WORK/SYS_TOP/U0_UART_RX/U0_deserializer/parallel_data_reg[2]
  Impl DFF        Imp:/WORK/SYS_TOP/U0_UART_RX/U0_deserializer/parallel_data_reg_2_

  Ref  DFF        Ref:/WORK/SYS_TOP/U0_UART_RX/U0_deserializer/parallel_data_reg[3]
  Impl DFF        Imp:/WORK/SYS_TOP/U0_UART_RX/U0_deserializer/parallel_data_reg_3_

  Ref  DFF        Ref:/WORK/SYS_TOP/U0_UART_RX/U0_deserializer/parallel_data_reg[4]
  Impl DFF        Imp:/WORK/SYS_TOP/U0_UART_RX/U0_deserializer/parallel_data_reg_4_

  Ref  DFF        Ref:/WORK/SYS_TOP/U0_UART_RX/U0_deserializer/parallel_data_reg[5]
  Impl DFF        Imp:/WORK/SYS_TOP/U0_UART_RX/U0_deserializer/parallel_data_reg_5_

  Ref  DFF        Ref:/WORK/SYS_TOP/U0_UART_RX/U0_deserializer/parallel_data_reg[6]
  Impl DFF        Imp:/WORK/SYS_TOP/U0_UART_RX/U0_deserializer/parallel_data_reg_6_

  Ref  DFF        Ref:/WORK/SYS_TOP/U0_UART_RX/U0_deserializer/parallel_data_reg[7]
  Impl DFF        Imp:/WORK/SYS_TOP/U0_UART_RX/U0_deserializer/parallel_data_reg_7_

  Ref  DFF        Ref:/WORK/SYS_TOP/U0_UART_RX/U0_deserializer/sampled_stream_reg[0]
  Impl DFF        Imp:/WORK/SYS_TOP/U0_UART_RX/U0_deserializer/sampled_stream_reg_0_

  Ref  DFF        Ref:/WORK/SYS_TOP/U0_UART_RX/U0_deserializer/sampled_stream_reg[1]
  Impl DFF        Imp:/WORK/SYS_TOP/U0_UART_RX/U0_deserializer/sampled_stream_reg_1_

  Ref  DFF        Ref:/WORK/SYS_TOP/U0_UART_RX/U0_deserializer/sampled_stream_reg[2]
  Impl DFF        Imp:/WORK/SYS_TOP/U0_UART_RX/U0_deserializer/sampled_stream_reg_2_

  Ref  DFF        Ref:/WORK/SYS_TOP/U0_UART_RX/U0_deserializer/sampled_stream_reg[3]
  Impl DFF        Imp:/WORK/SYS_TOP/U0_UART_RX/U0_deserializer/sampled_stream_reg_3_

  Ref  DFF        Ref:/WORK/SYS_TOP/U0_UART_RX/U0_deserializer/sampled_stream_reg[4]
  Impl DFF        Imp:/WORK/SYS_TOP/U0_UART_RX/U0_deserializer/sampled_stream_reg_4_

  Ref  DFF        Ref:/WORK/SYS_TOP/U0_UART_RX/U0_deserializer/sampled_stream_reg[5]
  Impl DFF        Imp:/WORK/SYS_TOP/U0_UART_RX/U0_deserializer/sampled_stream_reg_5_

  Ref  DFF        Ref:/WORK/SYS_TOP/U0_UART_RX/U0_deserializer/sampled_stream_reg[6]
  Impl DFF        Imp:/WORK/SYS_TOP/U0_UART_RX/U0_deserializer/sampled_stream_reg_6_

  Ref  DFF        Ref:/WORK/SYS_TOP/U0_UART_RX/U0_deserializer/sampled_stream_reg[7]
  Impl DFF        Imp:/WORK/SYS_TOP/U0_UART_RX/U0_deserializer/sampled_stream_reg_7_

  Ref  DFF        Ref:/WORK/SYS_TOP/U0_UART_RX/U0_edge_bit_counter/bit_cnt_reg[0]
  Impl DFF        Imp:/WORK/SYS_TOP/U0_UART_RX/U0_edge_bit_counter/bit_cnt_reg_0_

  Ref  DFF        Ref:/WORK/SYS_TOP/U0_UART_RX/U0_edge_bit_counter/bit_cnt_reg[1]
  Impl DFF        Imp:/WORK/SYS_TOP/U0_UART_RX/U0_edge_bit_counter/bit_cnt_reg_1_

  Ref  DFF        Ref:/WORK/SYS_TOP/U0_UART_RX/U0_edge_bit_counter/bit_cnt_reg[2]
  Impl DFF        Imp:/WORK/SYS_TOP/U0_UART_RX/U0_edge_bit_counter/bit_cnt_reg_2_

  Ref  DFF        Ref:/WORK/SYS_TOP/U0_UART_RX/U0_edge_bit_counter/bit_cnt_reg[3]
  Impl DFF        Imp:/WORK/SYS_TOP/U0_UART_RX/U0_edge_bit_counter/bit_cnt_reg_3_

  Ref  DFF        Ref:/WORK/SYS_TOP/U0_UART_RX/U0_edge_bit_counter/edge_cnt_reg[0]
  Impl DFF        Imp:/WORK/SYS_TOP/U0_UART_RX/U0_edge_bit_counter/edge_cnt_reg_0_

  Ref  DFF        Ref:/WORK/SYS_TOP/U0_UART_RX/U0_edge_bit_counter/edge_cnt_reg[1]
  Impl DFF        Imp:/WORK/SYS_TOP/U0_UART_RX/U0_edge_bit_counter/edge_cnt_reg_1_

  Ref  DFF        Ref:/WORK/SYS_TOP/U0_UART_RX/U0_edge_bit_counter/edge_cnt_reg[2]
  Impl DFF        Imp:/WORK/SYS_TOP/U0_UART_RX/U0_edge_bit_counter/edge_cnt_reg_2_

  Ref  DFF        Ref:/WORK/SYS_TOP/U0_UART_RX/U0_edge_bit_counter/edge_cnt_reg[3]
  Impl DFF        Imp:/WORK/SYS_TOP/U0_UART_RX/U0_edge_bit_counter/edge_cnt_reg_3_

  Ref  DFF        Ref:/WORK/SYS_TOP/U0_UART_RX/U0_edge_bit_counter/edge_cnt_reg[4]
  Impl DFF        Imp:/WORK/SYS_TOP/U0_UART_RX/U0_edge_bit_counter/edge_cnt_reg_4_

  Ref  DFF        Ref:/WORK/SYS_TOP/U0_UART_TX/U0_FSM/current_state_reg[0]
  Impl DFF        Imp:/WORK/SYS_TOP/U0_UART_TX/U0_FSM/current_state_reg_0_

  Ref  DFF        Ref:/WORK/SYS_TOP/U0_UART_TX/U0_FSM/current_state_reg[1]
  Impl DFF        Imp:/WORK/SYS_TOP/U0_UART_TX/U0_FSM/current_state_reg_1_

  Ref  DFF        Ref:/WORK/SYS_TOP/U0_UART_TX/U0_FSM/current_state_reg[2]
  Impl DFF        Imp:/WORK/SYS_TOP/U0_UART_TX/U0_FSM/current_state_reg_2_

  Ref  DFF        Ref:/WORK/SYS_TOP/U0_UART_TX/U0_parity_calc/data_reg[0]
  Impl DFF        Imp:/WORK/SYS_TOP/U0_UART_TX/U0_parity_calc/data_reg_0_

  Ref  DFF        Ref:/WORK/SYS_TOP/U0_UART_TX/U0_parity_calc/data_reg[1]
  Impl DFF        Imp:/WORK/SYS_TOP/U0_UART_TX/U0_parity_calc/data_reg_1_

  Ref  DFF        Ref:/WORK/SYS_TOP/U0_UART_TX/U0_parity_calc/data_reg[2]
  Impl DFF        Imp:/WORK/SYS_TOP/U0_UART_TX/U0_parity_calc/data_reg_2_

  Ref  DFF        Ref:/WORK/SYS_TOP/U0_UART_TX/U0_parity_calc/data_reg[3]
  Impl DFF        Imp:/WORK/SYS_TOP/U0_UART_TX/U0_parity_calc/data_reg_3_

  Ref  DFF        Ref:/WORK/SYS_TOP/U0_UART_TX/U0_parity_calc/data_reg[4]
  Impl DFF        Imp:/WORK/SYS_TOP/U0_UART_TX/U0_parity_calc/data_reg_4_

  Ref  DFF        Ref:/WORK/SYS_TOP/U0_UART_TX/U0_parity_calc/data_reg[5]
  Impl DFF        Imp:/WORK/SYS_TOP/U0_UART_TX/U0_parity_calc/data_reg_5_

  Ref  DFF        Ref:/WORK/SYS_TOP/U0_UART_TX/U0_parity_calc/data_reg[6]
  Impl DFF        Imp:/WORK/SYS_TOP/U0_UART_TX/U0_parity_calc/data_reg_6_

  Ref  DFF        Ref:/WORK/SYS_TOP/U0_UART_TX/U0_parity_calc/data_reg[7]
  Impl DFF        Imp:/WORK/SYS_TOP/U0_UART_TX/U0_parity_calc/data_reg_7_

  Ref  DFF        Ref:/WORK/SYS_TOP/U0_UART_TX/U0_serializer/counter_r_reg[0]
  Impl DFF        Imp:/WORK/SYS_TOP/U0_UART_TX/U0_serializer/counter_r_reg_0_

  Ref  DFF        Ref:/WORK/SYS_TOP/U0_UART_TX/U0_serializer/counter_r_reg[1]
  Impl DFF        Imp:/WORK/SYS_TOP/U0_UART_TX/U0_serializer/counter_r_reg_1_

  Ref  DFF        Ref:/WORK/SYS_TOP/U0_UART_TX/U0_serializer/counter_r_reg[2]
  Impl DFF        Imp:/WORK/SYS_TOP/U0_UART_TX/U0_serializer/counter_r_reg_2_

  Ref  DFF        Ref:/WORK/SYS_TOP/U0_UART_TX/U0_serializer/counter_r_reg[3]
  Impl DFF        Imp:/WORK/SYS_TOP/U0_UART_TX/U0_serializer/counter_r_reg_3_

  Ref  DFF        Ref:/WORK/SYS_TOP/U0_UART_TX/U0_serializer/data_reg[0]
  Impl DFF        Imp:/WORK/SYS_TOP/U0_UART_TX/U0_serializer/data_reg_0_

  Ref  DFF        Ref:/WORK/SYS_TOP/U0_UART_TX/U0_serializer/data_reg[1]
  Impl DFF        Imp:/WORK/SYS_TOP/U0_UART_TX/U0_serializer/data_reg_1_

  Ref  DFF        Ref:/WORK/SYS_TOP/U0_UART_TX/U0_serializer/data_reg[2]
  Impl DFF        Imp:/WORK/SYS_TOP/U0_UART_TX/U0_serializer/data_reg_2_

  Ref  DFF        Ref:/WORK/SYS_TOP/U0_UART_TX/U0_serializer/data_reg[3]
  Impl DFF        Imp:/WORK/SYS_TOP/U0_UART_TX/U0_serializer/data_reg_3_

  Ref  DFF        Ref:/WORK/SYS_TOP/U0_UART_TX/U0_serializer/data_reg[4]
  Impl DFF        Imp:/WORK/SYS_TOP/U0_UART_TX/U0_serializer/data_reg_4_

  Ref  DFF        Ref:/WORK/SYS_TOP/U0_UART_TX/U0_serializer/data_reg[5]
  Impl DFF        Imp:/WORK/SYS_TOP/U0_UART_TX/U0_serializer/data_reg_5_

  Ref  DFF        Ref:/WORK/SYS_TOP/U0_UART_TX/U0_serializer/data_reg[6]
  Impl DFF        Imp:/WORK/SYS_TOP/U0_UART_TX/U0_serializer/data_reg_6_

  Ref  DFF        Ref:/WORK/SYS_TOP/U0_UART_TX/U0_serializer/data_reg[7]
  Impl DFF        Imp:/WORK/SYS_TOP/U0_UART_TX/U0_serializer/data_reg_7_

  Ref  DFF        Ref:/WORK/SYS_TOP/U0_UART_TX/U0_serializer/ser_data_reg
  Impl DFF        Imp:/WORK/SYS_TOP/U0_UART_TX/U0_serializer/ser_data_reg

  Ref  DFF        Ref:/WORK/SYS_TOP/U1_ClkDiv/counter_reg[0]
  Impl DFF        Imp:/WORK/SYS_TOP/U1_ClkDiv/counter_reg_0_

  Ref  DFF        Ref:/WORK/SYS_TOP/U1_ClkDiv/counter_reg[1]
  Impl DFF        Imp:/WORK/SYS_TOP/U1_ClkDiv/counter_reg_1_

  Ref  DFF        Ref:/WORK/SYS_TOP/U1_ClkDiv/counter_reg[2]
  Impl DFF        Imp:/WORK/SYS_TOP/U1_ClkDiv/counter_reg_2_

  Ref  DFF        Ref:/WORK/SYS_TOP/U1_ClkDiv/counter_reg[3]
  Impl DFF        Imp:/WORK/SYS_TOP/U1_ClkDiv/counter_reg_3_

  Ref  DFF        Ref:/WORK/SYS_TOP/U1_ClkDiv/counter_reg[4]
  Impl DFF        Imp:/WORK/SYS_TOP/U1_ClkDiv/counter_reg_4_

  Ref  DFF        Ref:/WORK/SYS_TOP/U1_ClkDiv/counter_reg[5]
  Impl DFF        Imp:/WORK/SYS_TOP/U1_ClkDiv/counter_reg_5_

  Ref  DFF        Ref:/WORK/SYS_TOP/U1_ClkDiv/counter_reg[6]
  Impl DFF        Imp:/WORK/SYS_TOP/U1_ClkDiv/counter_reg_6_

  Ref  DFF        Ref:/WORK/SYS_TOP/U1_ClkDiv/counter_reg[7]
  Impl DFF        Imp:/WORK/SYS_TOP/U1_ClkDiv/counter_reg_7_

  Ref  DFF        Ref:/WORK/SYS_TOP/U1_ClkDiv/div_clk_reg
  Impl DFF        Imp:/WORK/SYS_TOP/U1_ClkDiv/div_clk_reg

  Ref  DFF        Ref:/WORK/SYS_TOP/U1_ClkDiv/flag_reg
  Impl DFF        Imp:/WORK/SYS_TOP/U1_ClkDiv/flag_reg

  Ref  DFF        Ref:/WORK/SYS_TOP/U1_RST_SYNC/sync_dff_reg[0]
  Impl DFF        Imp:/WORK/SYS_TOP/U1_RST_SYNC/sync_dff_reg_0_

  Ref  DFF        Ref:/WORK/SYS_TOP/U1_RST_SYNC/sync_dff_reg[1]
  Impl DFF        Imp:/WORK/SYS_TOP/U1_RST_SYNC/sync_dff_reg_1_

  Ref  Port       Ref:/WORK/SYS_TOP/o_parity_err
  Impl Port       Imp:/WORK/SYS_TOP/o_parity_err

  Ref  Port       Ref:/WORK/SYS_TOP/o_stop_err
  Impl Port       Imp:/WORK/SYS_TOP/o_stop_err

  Ref  Port       Ref:/WORK/SYS_TOP/o_tx_out
  Impl Port       Imp:/WORK/SYS_TOP/o_tx_out

 [BBNet: multiply-driven net
  BBPin: black-box pin
  Cut:   cut-point
  DFF:   non-constant DFF register
  DFF0:  constant 0 DFF register
  DFF1:  constant 1 DFF register
  DFFX:  constant X DFF register
  DFF0X: constrained 0X DFF register
  DFF1X: constrained 1X DFF register
  LAT:   non-constant latch register
  LAT0:  constant 0 latch register
  LAT1:  constant 1 latch register
  LATX:  constant X latch register
  LAT0X: constrained 0X latch register
  LAT1X: constrained 1X latch register
  LATCG: clock-gating latch register
  TLA:   transparent latch register
  TLA0X: transparent constrained 0X latch register
  TLA1X: transparent constrained 1X latch register
  Loop:  cycle break point
  Port:  primary (top-level) port
  Und:   undriven signal cut-point
  Unk:   unknown signal cut-point]

1
