 
****************************************
Report : constraint
        -all_violators
Design : SYS_TOP
Version: K-2015.06
Date   : Mon Sep 25 23:00:27 2023
****************************************


   max_transition

                             Required        Actual
   Net                      Transition     Transition        Slack
   -----------------------------------------------------------------
   RST_SYNC1_M (dont_touch)     1.50           2.33          -0.83  (VIOLATED)
       PIN :   U0_DATA_SYNC/U0_DS_pulse/inst_PULSE_GEN/DFF_reg/RN
                                1.50           2.33          -0.83  (VIOLATED)
       PIN :   U0_ASYNC_FIFO/U1_DF_SYNC/sync_dff_reg_1__0_/RN
                                1.50           2.33          -0.83  (VIOLATED)
       PIN :   U0_ASYNC_FIFO/U1_DF_SYNC/sync_dff_reg_1__2_/RN
                                1.50           2.33          -0.83  (VIOLATED)
       PIN :   U0_ASYNC_FIFO/U1_DF_SYNC/sync_dff_reg_1__1_/RN
                                1.50           2.33          -0.83  (VIOLATED)
       PIN :   U0_ASYNC_FIFO/U1_DF_SYNC/sync_dff_reg_1__3_/RN
                                1.50           2.33          -0.83  (VIOLATED)
       PIN :   U0_ASYNC_FIFO/U1_DF_SYNC/sync_dff_reg_0__3_/RN
                                1.50           2.33          -0.83  (VIOLATED)
       PIN :   U0_ASYNC_FIFO/U1_DF_SYNC/sync_dff_reg_0__0_/RN
                                1.50           2.33          -0.83  (VIOLATED)
       PIN :   U0_ASYNC_FIFO/U1_DF_SYNC/sync_dff_reg_0__2_/RN
                                1.50           2.33          -0.83  (VIOLATED)
       PIN :   U0_ASYNC_FIFO/U1_DF_SYNC/sync_dff_reg_0__1_/RN
                                1.50           2.33          -0.83  (VIOLATED)
       PIN :   U0_ASYNC_FIFO/U0_FIFO_WR/full_reg/RN
                                1.50           2.33          -0.83  (VIOLATED)
       PIN :   U0_ASYNC_FIFO/U0_FIFO_WR/wptr_reg_0_/RN
                                1.50           2.33          -0.83  (VIOLATED)
       PIN :   U0_ASYNC_FIFO/U0_FIFO_WR/wptr_reg_1_/RN
                                1.50           2.33          -0.83  (VIOLATED)
       PIN :   U0_ASYNC_FIFO/U0_FIFO_WR/wptr_reg_2_/RN
                                1.50           2.33          -0.83  (VIOLATED)
       PIN :   U0_ASYNC_FIFO/U0_FIFO_WR/wptr_reg_3_/RN
                                1.50           2.33          -0.83  (VIOLATED)
       PIN :   U0_ASYNC_FIFO/U0_FIFO_MEM_CNTRL/MEM_reg_5__5_/RN
                                1.50           2.33          -0.83  (VIOLATED)
       PIN :   U0_ASYNC_FIFO/U0_FIFO_MEM_CNTRL/MEM_reg_5__4_/RN
                                1.50           2.33          -0.83  (VIOLATED)
       PIN :   U0_ASYNC_FIFO/U0_FIFO_MEM_CNTRL/MEM_reg_5__3_/RN
                                1.50           2.33          -0.83  (VIOLATED)
       PIN :   U0_ASYNC_FIFO/U0_FIFO_MEM_CNTRL/MEM_reg_5__2_/RN
                                1.50           2.33          -0.83  (VIOLATED)
       PIN :   U0_ASYNC_FIFO/U0_FIFO_MEM_CNTRL/MEM_reg_5__1_/RN
                                1.50           2.33          -0.83  (VIOLATED)
       PIN :   U0_ASYNC_FIFO/U0_FIFO_MEM_CNTRL/MEM_reg_5__0_/RN
                                1.50           2.33          -0.83  (VIOLATED)
       PIN :   U0_ASYNC_FIFO/U0_FIFO_MEM_CNTRL/MEM_reg_4__7_/RN
                                1.50           2.33          -0.83  (VIOLATED)
       PIN :   U0_ASYNC_FIFO/U0_FIFO_MEM_CNTRL/MEM_reg_4__6_/RN
                                1.50           2.33          -0.83  (VIOLATED)
       PIN :   U0_ASYNC_FIFO/U0_FIFO_MEM_CNTRL/MEM_reg_4__5_/RN
                                1.50           2.33          -0.83  (VIOLATED)
       PIN :   U0_ASYNC_FIFO/U0_FIFO_MEM_CNTRL/MEM_reg_4__4_/RN
                                1.50           2.33          -0.83  (VIOLATED)
       PIN :   U0_ASYNC_FIFO/U0_FIFO_MEM_CNTRL/MEM_reg_4__3_/RN
                                1.50           2.33          -0.83  (VIOLATED)
       PIN :   U0_ASYNC_FIFO/U0_FIFO_MEM_CNTRL/MEM_reg_4__2_/RN
                                1.50           2.33          -0.83  (VIOLATED)
       PIN :   U0_ASYNC_FIFO/U0_FIFO_MEM_CNTRL/MEM_reg_4__1_/RN
                                1.50           2.33          -0.83  (VIOLATED)
       PIN :   U0_ASYNC_FIFO/U0_FIFO_MEM_CNTRL/MEM_reg_4__0_/RN
                                1.50           2.33          -0.83  (VIOLATED)
       PIN :   U0_ASYNC_FIFO/U0_FIFO_MEM_CNTRL/MEM_reg_3__7_/RN
                                1.50           2.33          -0.83  (VIOLATED)
       PIN :   U0_ASYNC_FIFO/U0_FIFO_MEM_CNTRL/MEM_reg_5__6_/RN
                                1.50           2.33          -0.83  (VIOLATED)
       PIN :   U0_ASYNC_FIFO/U0_FIFO_MEM_CNTRL/MEM_reg_5__7_/RN
                                1.50           2.33          -0.83  (VIOLATED)
       PIN :   U0_ASYNC_FIFO/U0_FIFO_MEM_CNTRL/MEM_reg_6__0_/RN
                                1.50           2.33          -0.83  (VIOLATED)
       PIN :   U0_ASYNC_FIFO/U0_FIFO_MEM_CNTRL/MEM_reg_6__1_/RN
                                1.50           2.33          -0.83  (VIOLATED)
       PIN :   U0_ASYNC_FIFO/U0_FIFO_MEM_CNTRL/MEM_reg_6__2_/RN
                                1.50           2.33          -0.83  (VIOLATED)
       PIN :   U0_ASYNC_FIFO/U0_FIFO_MEM_CNTRL/MEM_reg_6__3_/RN
                                1.50           2.33          -0.83  (VIOLATED)
       PIN :   U0_ASYNC_FIFO/U0_FIFO_MEM_CNTRL/MEM_reg_6__4_/RN
                                1.50           2.33          -0.83  (VIOLATED)
       PIN :   U0_ASYNC_FIFO/U0_FIFO_MEM_CNTRL/MEM_reg_6__5_/RN
                                1.50           2.33          -0.83  (VIOLATED)
       PIN :   U0_ASYNC_FIFO/U0_FIFO_MEM_CNTRL/MEM_reg_6__6_/RN
                                1.50           2.33          -0.83  (VIOLATED)
       PIN :   U0_ASYNC_FIFO/U0_FIFO_MEM_CNTRL/MEM_reg_6__7_/RN
                                1.50           2.33          -0.83  (VIOLATED)
       PIN :   U0_ASYNC_FIFO/U0_FIFO_MEM_CNTRL/MEM_reg_7__0_/RN
                                1.50           2.33          -0.83  (VIOLATED)
       PIN :   U0_ASYNC_FIFO/U0_FIFO_MEM_CNTRL/MEM_reg_7__1_/RN
                                1.50           2.33          -0.83  (VIOLATED)
       PIN :   U0_ASYNC_FIFO/U0_FIFO_MEM_CNTRL/MEM_reg_7__2_/RN
                                1.50           2.33          -0.83  (VIOLATED)
       PIN :   U0_ASYNC_FIFO/U0_FIFO_MEM_CNTRL/MEM_reg_7__3_/RN
                                1.50           2.33          -0.83  (VIOLATED)
       PIN :   U0_ASYNC_FIFO/U0_FIFO_MEM_CNTRL/MEM_reg_7__4_/RN
                                1.50           2.33          -0.83  (VIOLATED)
       PIN :   U0_ASYNC_FIFO/U0_FIFO_MEM_CNTRL/MEM_reg_7__5_/RN
                                1.50           2.33          -0.83  (VIOLATED)
       PIN :   U0_ASYNC_FIFO/U0_FIFO_MEM_CNTRL/MEM_reg_7__6_/RN
                                1.50           2.33          -0.83  (VIOLATED)
       PIN :   U0_ASYNC_FIFO/U0_FIFO_MEM_CNTRL/MEM_reg_7__7_/RN
                                1.50           2.33          -0.83  (VIOLATED)
       PIN :   U0_ASYNC_FIFO/U0_FIFO_MEM_CNTRL/MEM_reg_0__0_/RN
                                1.50           2.33          -0.83  (VIOLATED)
       PIN :   U0_ASYNC_FIFO/U0_FIFO_MEM_CNTRL/MEM_reg_0__1_/RN
                                1.50           2.33          -0.83  (VIOLATED)
       PIN :   U0_ASYNC_FIFO/U0_FIFO_MEM_CNTRL/MEM_reg_0__2_/RN
                                1.50           2.33          -0.83  (VIOLATED)
       PIN :   U0_ASYNC_FIFO/U0_FIFO_MEM_CNTRL/MEM_reg_0__3_/RN
                                1.50           2.33          -0.83  (VIOLATED)
       PIN :   U0_ASYNC_FIFO/U0_FIFO_MEM_CNTRL/MEM_reg_0__4_/RN
                                1.50           2.33          -0.83  (VIOLATED)
       PIN :   U0_ASYNC_FIFO/U0_FIFO_MEM_CNTRL/MEM_reg_0__5_/RN
                                1.50           2.33          -0.83  (VIOLATED)
       PIN :   U0_ASYNC_FIFO/U0_FIFO_MEM_CNTRL/MEM_reg_0__6_/RN
                                1.50           2.33          -0.83  (VIOLATED)
       PIN :   U0_ASYNC_FIFO/U0_FIFO_MEM_CNTRL/MEM_reg_0__7_/RN
                                1.50           2.33          -0.83  (VIOLATED)
       PIN :   U0_ASYNC_FIFO/U0_FIFO_MEM_CNTRL/MEM_reg_1__0_/RN
                                1.50           2.33          -0.83  (VIOLATED)
       PIN :   U0_ASYNC_FIFO/U0_FIFO_MEM_CNTRL/MEM_reg_1__1_/RN
                                1.50           2.33          -0.83  (VIOLATED)
       PIN :   U0_ASYNC_FIFO/U0_FIFO_MEM_CNTRL/MEM_reg_1__2_/RN
                                1.50           2.33          -0.83  (VIOLATED)
       PIN :   U0_ASYNC_FIFO/U0_FIFO_MEM_CNTRL/MEM_reg_1__3_/RN
                                1.50           2.33          -0.83  (VIOLATED)
       PIN :   U0_ASYNC_FIFO/U0_FIFO_MEM_CNTRL/MEM_reg_1__4_/RN
                                1.50           2.33          -0.83  (VIOLATED)
       PIN :   U0_ASYNC_FIFO/U0_FIFO_MEM_CNTRL/MEM_reg_1__5_/RN
                                1.50           2.33          -0.83  (VIOLATED)
       PIN :   U0_ASYNC_FIFO/U0_FIFO_MEM_CNTRL/MEM_reg_1__6_/RN
                                1.50           2.33          -0.83  (VIOLATED)
       PIN :   U0_ASYNC_FIFO/U0_FIFO_MEM_CNTRL/MEM_reg_1__7_/RN
                                1.50           2.33          -0.83  (VIOLATED)
       PIN :   U0_ASYNC_FIFO/U0_FIFO_MEM_CNTRL/MEM_reg_2__0_/RN
                                1.50           2.33          -0.83  (VIOLATED)
       PIN :   U0_ASYNC_FIFO/U0_FIFO_MEM_CNTRL/MEM_reg_2__1_/RN
                                1.50           2.33          -0.83  (VIOLATED)
       PIN :   U0_ASYNC_FIFO/U0_FIFO_MEM_CNTRL/MEM_reg_2__2_/RN
                                1.50           2.33          -0.83  (VIOLATED)
       PIN :   U0_ASYNC_FIFO/U0_FIFO_MEM_CNTRL/MEM_reg_2__3_/RN
                                1.50           2.33          -0.83  (VIOLATED)
       PIN :   U0_ASYNC_FIFO/U0_FIFO_MEM_CNTRL/MEM_reg_2__4_/RN
                                1.50           2.33          -0.83  (VIOLATED)
       PIN :   U0_ASYNC_FIFO/U0_FIFO_MEM_CNTRL/MEM_reg_2__5_/RN
                                1.50           2.33          -0.83  (VIOLATED)
       PIN :   U0_ASYNC_FIFO/U0_FIFO_MEM_CNTRL/MEM_reg_2__6_/RN
                                1.50           2.33          -0.83  (VIOLATED)
       PIN :   U0_ASYNC_FIFO/U0_FIFO_MEM_CNTRL/MEM_reg_2__7_/RN
                                1.50           2.33          -0.83  (VIOLATED)
       PIN :   U0_ASYNC_FIFO/U0_FIFO_MEM_CNTRL/MEM_reg_3__0_/RN
                                1.50           2.33          -0.83  (VIOLATED)
       PIN :   U0_ASYNC_FIFO/U0_FIFO_MEM_CNTRL/MEM_reg_3__1_/RN
                                1.50           2.33          -0.83  (VIOLATED)
       PIN :   U0_ASYNC_FIFO/U0_FIFO_MEM_CNTRL/MEM_reg_3__2_/RN
                                1.50           2.33          -0.83  (VIOLATED)
       PIN :   U0_ASYNC_FIFO/U0_FIFO_MEM_CNTRL/MEM_reg_3__3_/RN
                                1.50           2.33          -0.83  (VIOLATED)
       PIN :   U0_ASYNC_FIFO/U0_FIFO_MEM_CNTRL/MEM_reg_3__4_/RN
                                1.50           2.33          -0.83  (VIOLATED)
       PIN :   U0_ASYNC_FIFO/U0_FIFO_MEM_CNTRL/MEM_reg_3__5_/RN
                                1.50           2.33          -0.83  (VIOLATED)
       PIN :   U0_ASYNC_FIFO/U0_FIFO_MEM_CNTRL/MEM_reg_3__6_/RN
                                1.50           2.33          -0.83  (VIOLATED)
       PIN :   U0_DATA_SYNC/U0_sync_bus/sync_bus_reg_7_/RN
                                1.50           2.33          -0.83  (VIOLATED)
       PIN :   U0_DATA_SYNC/U0_sync_bus/sync_bus_reg_0_/RN
                                1.50           2.33          -0.83  (VIOLATED)
       PIN :   U0_DATA_SYNC/U0_sync_bus/sync_bus_reg_1_/RN
                                1.50           2.33          -0.83  (VIOLATED)
       PIN :   U0_DATA_SYNC/U0_sync_bus/sync_bus_reg_2_/RN
                                1.50           2.33          -0.83  (VIOLATED)
       PIN :   U0_DATA_SYNC/U0_sync_bus/sync_bus_reg_3_/RN
                                1.50           2.33          -0.83  (VIOLATED)
       PIN :   U0_DATA_SYNC/U0_sync_bus/sync_bus_reg_4_/RN
                                1.50           2.33          -0.83  (VIOLATED)
       PIN :   U0_DATA_SYNC/U0_sync_bus/sync_bus_reg_5_/RN
                                1.50           2.33          -0.83  (VIOLATED)
       PIN :   U0_DATA_SYNC/U0_sync_bus/sync_bus_reg_6_/RN
                                1.50           2.33          -0.83  (VIOLATED)
       PIN :   U0_DATA_SYNC/U0_DS_pulse/enable_pulse_reg/RN
                                1.50           2.33          -0.83  (VIOLATED)
       PIN :   U0_DATA_SYNC/U0_multi_ff/sync_dff_reg_1__0_/RN
                                1.50           2.33          -0.83  (VIOLATED)
       PIN :   U0_DATA_SYNC/U0_multi_ff/sync_dff_reg_0__0_/RN
                                1.50           2.33          -0.83  (VIOLATED)
       PIN :   U0_RegFile/MEM_reg_7__3_/RN
                                1.50           2.33          -0.83  (VIOLATED)
       PIN :   U0_RegFile/RdData_Valid_reg/RN
                                1.50           2.33          -0.83  (VIOLATED)
       PIN :   U0_RegFile/MEM_reg_0__7_/RN
                                1.50           2.33          -0.83  (VIOLATED)
       PIN :   U0_RegFile/MEM_reg_2__5_/RN
                                1.50           2.33          -0.83  (VIOLATED)
       PIN :   U0_RegFile/MEM_reg_3__4_/RN
                                1.50           2.33          -0.83  (VIOLATED)
       PIN :   U0_RegFile/MEM_reg_1__5_/RN
                                1.50           2.33          -0.83  (VIOLATED)
       PIN :   U0_RegFile/MEM_reg_3__5_/SN
                                1.50           2.33          -0.83  (VIOLATED)
       PIN :   U0_RegFile/MEM_reg_2__0_/SN
                                1.50           2.33          -0.83  (VIOLATED)
       PIN :   U0_RegFile/MEM_reg_2__7_/SN
                                1.50           2.33          -0.83  (VIOLATED)
       PIN :   U0_RegFile/RdData_reg_7_/RN
                                1.50           2.33          -0.83  (VIOLATED)
       PIN :   U0_RegFile/RdData_reg_5_/RN
                                1.50           2.33          -0.83  (VIOLATED)
       PIN :   U0_RegFile/RdData_reg_4_/RN
                                1.50           2.33          -0.83  (VIOLATED)
       PIN :   U0_RegFile/RdData_reg_2_/RN
                                1.50           2.33          -0.83  (VIOLATED)
       PIN :   U0_RegFile/RdData_reg_1_/RN
                                1.50           2.33          -0.83  (VIOLATED)
       PIN :   U0_RegFile/MEM_reg_7__7_/RN
                                1.50           2.33          -0.83  (VIOLATED)
       PIN :   U0_RegFile/MEM_reg_7__6_/RN
                                1.50           2.33          -0.83  (VIOLATED)
       PIN :   U0_RegFile/MEM_reg_7__4_/RN
                                1.50           2.33          -0.83  (VIOLATED)
       PIN :   U0_RegFile/MEM_reg_7__1_/RN
                                1.50           2.33          -0.83  (VIOLATED)
       PIN :   U0_RegFile/MEM_reg_7__0_/RN
                                1.50           2.33          -0.83  (VIOLATED)
       PIN :   U0_RegFile/MEM_reg_6__6_/RN
                                1.50           2.33          -0.83  (VIOLATED)
       PIN :   U0_RegFile/MEM_reg_6__5_/RN
                                1.50           2.33          -0.83  (VIOLATED)
       PIN :   U0_RegFile/MEM_reg_6__3_/RN
                                1.50           2.33          -0.83  (VIOLATED)
       PIN :   U0_RegFile/MEM_reg_6__2_/RN
                                1.50           2.33          -0.83  (VIOLATED)
       PIN :   U0_RegFile/MEM_reg_6__0_/RN
                                1.50           2.33          -0.83  (VIOLATED)
       PIN :   U0_RegFile/MEM_reg_5__7_/RN
                                1.50           2.33          -0.83  (VIOLATED)
       PIN :   U0_RegFile/MEM_reg_5__5_/RN
                                1.50           2.33          -0.83  (VIOLATED)
       PIN :   U0_RegFile/MEM_reg_5__4_/RN
                                1.50           2.33          -0.83  (VIOLATED)
       PIN :   U0_RegFile/MEM_reg_5__2_/RN
                                1.50           2.33          -0.83  (VIOLATED)
       PIN :   U0_RegFile/MEM_reg_5__1_/RN
                                1.50           2.33          -0.83  (VIOLATED)
       PIN :   U0_RegFile/MEM_reg_4__7_/RN
                                1.50           2.33          -0.83  (VIOLATED)
       PIN :   U0_RegFile/MEM_reg_4__5_/RN
                                1.50           2.33          -0.83  (VIOLATED)
       PIN :   U0_RegFile/MEM_reg_4__4_/RN
                                1.50           2.33          -0.83  (VIOLATED)
       PIN :   U0_RegFile/MEM_reg_4__2_/RN
                                1.50           2.33          -0.83  (VIOLATED)
       PIN :   U0_RegFile/MEM_reg_4__1_/RN
                                1.50           2.33          -0.83  (VIOLATED)
       PIN :   U0_RegFile/MEM_reg_3__7_/RN
                                1.50           2.33          -0.83  (VIOLATED)
       PIN :   U0_RegFile/MEM_reg_3__3_/RN
                                1.50           2.33          -0.83  (VIOLATED)
       PIN :   U0_RegFile/MEM_reg_3__2_/RN
                                1.50           2.33          -0.83  (VIOLATED)
       PIN :   U0_RegFile/MEM_reg_3__0_/RN
                                1.50           2.33          -0.83  (VIOLATED)
       PIN :   U0_RegFile/MEM_reg_2__4_/RN
                                1.50           2.33          -0.83  (VIOLATED)
       PIN :   U0_RegFile/MEM_reg_2__2_/RN
                                1.50           2.33          -0.83  (VIOLATED)
       PIN :   U0_RegFile/MEM_reg_1__7_/RN
                                1.50           2.33          -0.83  (VIOLATED)
       PIN :   U0_RegFile/MEM_reg_1__6_/RN
                                1.50           2.33          -0.83  (VIOLATED)
       PIN :   U0_RegFile/MEM_reg_1__3_/RN
                                1.50           2.33          -0.83  (VIOLATED)
       PIN :   U0_RegFile/MEM_reg_1__2_/RN
                                1.50           2.33          -0.83  (VIOLATED)
       PIN :   U0_RegFile/MEM_reg_1__0_/RN
                                1.50           2.33          -0.83  (VIOLATED)
       PIN :   U0_RegFile/MEM_reg_0__5_/RN
                                1.50           2.33          -0.83  (VIOLATED)
       PIN :   U0_RegFile/MEM_reg_0__4_/RN
                                1.50           2.33          -0.83  (VIOLATED)
       PIN :   U0_RegFile/MEM_reg_0__2_/RN
                                1.50           2.33          -0.83  (VIOLATED)
       PIN :   U0_RegFile/MEM_reg_0__1_/RN
                                1.50           2.33          -0.83  (VIOLATED)
       PIN :   U0_RegFile/MEM_reg_0__0_/RN
                                1.50           2.33          -0.83  (VIOLATED)
       PIN :   U0_RegFile/RdData_reg_6_/RN
                                1.50           2.33          -0.83  (VIOLATED)
       PIN :   U0_RegFile/MEM_reg_7__2_/RN
                                1.50           2.33          -0.83  (VIOLATED)
       PIN :   U0_RegFile/MEM_reg_6__7_/RN
                                1.50           2.33          -0.83  (VIOLATED)
       PIN :   U0_RegFile/MEM_reg_5__6_/RN
                                1.50           2.33          -0.83  (VIOLATED)
       PIN :   U0_RegFile/MEM_reg_5__3_/RN
                                1.50           2.33          -0.83  (VIOLATED)
       PIN :   U0_RegFile/MEM_reg_5__0_/RN
                                1.50           2.33          -0.83  (VIOLATED)
       PIN :   U0_RegFile/MEM_reg_4__6_/RN
                                1.50           2.33          -0.83  (VIOLATED)
       PIN :   U0_RegFile/MEM_reg_4__3_/RN
                                1.50           2.33          -0.83  (VIOLATED)
       PIN :   U0_RegFile/MEM_reg_4__0_/RN
                                1.50           2.33          -0.83  (VIOLATED)
       PIN :   U0_RegFile/MEM_reg_3__6_/RN
                                1.50           2.33          -0.83  (VIOLATED)
       PIN :   U0_RegFile/MEM_reg_3__1_/RN
                                1.50           2.33          -0.83  (VIOLATED)
       PIN :   U0_RegFile/MEM_reg_2__6_/RN
                                1.50           2.33          -0.83  (VIOLATED)
       PIN :   U0_RegFile/MEM_reg_2__3_/RN
                                1.50           2.33          -0.83  (VIOLATED)
       PIN :   U0_RegFile/MEM_reg_2__1_/RN
                                1.50           2.33          -0.83  (VIOLATED)
       PIN :   U0_RegFile/MEM_reg_1__4_/RN
                                1.50           2.33          -0.83  (VIOLATED)
       PIN :   U0_RegFile/MEM_reg_1__1_/RN
                                1.50           2.33          -0.83  (VIOLATED)
       PIN :   U0_RegFile/MEM_reg_0__6_/RN
                                1.50           2.33          -0.83  (VIOLATED)
       PIN :   U0_RegFile/MEM_reg_7__5_/RN
                                1.50           2.33          -0.83  (VIOLATED)
       PIN :   U0_RegFile/MEM_reg_6__4_/RN
                                1.50           2.33          -0.83  (VIOLATED)
       PIN :   U0_RegFile/MEM_reg_0__3_/RN
                                1.50           2.33          -0.83  (VIOLATED)
       PIN :   U0_RegFile/MEM_reg_6__1_/RN
                                1.50           2.33          -0.83  (VIOLATED)
       PIN :   U0_RegFile/RdData_reg_3_/RN
                                1.50           2.33          -0.83  (VIOLATED)
       PIN :   U0_RegFile/RdData_reg_0_/RN
                                1.50           2.33          -0.83  (VIOLATED)
       PIN :   U0_ALU/OUT_VALID_reg/RN
                                1.50           2.33          -0.83  (VIOLATED)
       PIN :   U0_ALU/ALU_OUT_reg_15_/RN
                                1.50           2.33          -0.83  (VIOLATED)
       PIN :   U0_ALU/ALU_OUT_reg_14_/RN
                                1.50           2.33          -0.83  (VIOLATED)
       PIN :   U0_ALU/ALU_OUT_reg_13_/RN
                                1.50           2.33          -0.83  (VIOLATED)
       PIN :   U0_ALU/ALU_OUT_reg_12_/RN
                                1.50           2.33          -0.83  (VIOLATED)
       PIN :   U0_ALU/ALU_OUT_reg_11_/RN
                                1.50           2.33          -0.83  (VIOLATED)
       PIN :   U0_ALU/ALU_OUT_reg_10_/RN
                                1.50           2.33          -0.83  (VIOLATED)
       PIN :   U0_ALU/ALU_OUT_reg_9_/RN
                                1.50           2.33          -0.83  (VIOLATED)
       PIN :   U0_ALU/ALU_OUT_reg_8_/RN
                                1.50           2.33          -0.83  (VIOLATED)
       PIN :   U0_ALU/ALU_OUT_reg_7_/RN
                                1.50           2.33          -0.83  (VIOLATED)
       PIN :   U0_ALU/ALU_OUT_reg_6_/RN
                                1.50           2.33          -0.83  (VIOLATED)
       PIN :   U0_ALU/ALU_OUT_reg_5_/RN
                                1.50           2.33          -0.83  (VIOLATED)
       PIN :   U0_ALU/ALU_OUT_reg_4_/RN
                                1.50           2.33          -0.83  (VIOLATED)
       PIN :   U0_ALU/ALU_OUT_reg_3_/RN
                                1.50           2.33          -0.83  (VIOLATED)
       PIN :   U0_ALU/ALU_OUT_reg_2_/RN
                                1.50           2.33          -0.83  (VIOLATED)
       PIN :   U0_ALU/ALU_OUT_reg_1_/RN
                                1.50           2.33          -0.83  (VIOLATED)
       PIN :   U0_ALU/ALU_OUT_reg_0_/RN
                                1.50           2.33          -0.83  (VIOLATED)
       PIN :   U0_SYS_CTRL/ALUFN_reg_reg_0_/RN
                                1.50           2.33          -0.83  (VIOLATED)
       PIN :   U0_SYS_CTRL/ALUFN_reg_reg_3_/SN
                                1.50           2.33          -0.83  (VIOLATED)
       PIN :   U0_SYS_CTRL/addr_reg_reg_3_/RN
                                1.50           2.33          -0.83  (VIOLATED)
       PIN :   U0_SYS_CTRL/addr_reg_reg_2_/RN
                                1.50           2.33          -0.83  (VIOLATED)
       PIN :   U0_SYS_CTRL/addr_reg_reg_1_/RN
                                1.50           2.33          -0.83  (VIOLATED)
       PIN :   U0_SYS_CTRL/addr_reg_reg_0_/RN
                                1.50           2.33          -0.83  (VIOLATED)
       PIN :   U0_SYS_CTRL/current_state_reg_3_/RN
                                1.50           2.33          -0.83  (VIOLATED)
       PIN :   U0_SYS_CTRL/current_state_reg_2_/RN
                                1.50           2.33          -0.83  (VIOLATED)
       PIN :   U0_SYS_CTRL/current_state_reg_1_/RN
                                1.50           2.33          -0.83  (VIOLATED)
       PIN :   U0_SYS_CTRL/current_state_reg_0_/RN
                                1.50           2.33          -0.83  (VIOLATED)
       PIN :   U0_SYS_CTRL/ALUFN_reg_reg_2_/RN
                                1.50           2.33          -0.83  (VIOLATED)
       PIN :   U0_SYS_CTRL/ALUFN_reg_reg_1_/RN
                                1.50           2.33          -0.83  (VIOLATED)
       PIN :   U6_mux2X1/U1/Y
                                1.50           2.33          -0.83  (VIOLATED)

   -----------------------------------------------------------------
   Total                      1                  -0.83  

   max_capacitance

                             Required        Actual
   Net                      Capacitance    Capacitance       Slack
   -----------------------------------------------------------------
   RST_SYNC1_M (dont_touch)     0.74           0.92          -0.18  (VIOLATED)

   -----------------------------------------------------------------
   Total                      1                  -0.18  

1
